Archive member included to satisfy reference by file (symbol)

/usr/lib/gcc/arm-none-eabi/14.2.0/thumb/v6-m/nofp/libgcc.a(_dvmd_tls.o)
                              CMakeFiles/pico.dir/home/christopher/Programs/DOWNLOADED/Libs/PicoSDKs/pico-sdk/src/rp2_common/pico_divider/divider_hardware.S.o (__aeabi_idiv0)
/usr/lib/gcc/arm-none-eabi/14.2.0/../../../../arm-none-eabi/lib/thumb/v6-m/nofp/libg.a(libc_a-atexit.o)
                              /usr/lib/gcc/arm-none-eabi/14.2.0/../../../../arm-none-eabi/lib/thumb/v6-m/nofp/crt0.o (atexit)
/usr/lib/gcc/arm-none-eabi/14.2.0/../../../../arm-none-eabi/lib/thumb/v6-m/nofp/libg.a(libc_a-calloc.o)
                              CMakeFiles/pico.dir/home/christopher/Programs/DOWNLOADED/Libs/PicoSDKs/pico-sdk/src/rp2_common/pico_malloc/malloc.c.o (calloc)
/usr/lib/gcc/arm-none-eabi/14.2.0/../../../../arm-none-eabi/lib/thumb/v6-m/nofp/libg.a(libc_a-callocr.o)
                              /usr/lib/gcc/arm-none-eabi/14.2.0/../../../../arm-none-eabi/lib/thumb/v6-m/nofp/libg.a(libc_a-calloc.o) (_calloc_r)
/usr/lib/gcc/arm-none-eabi/14.2.0/../../../../arm-none-eabi/lib/thumb/v6-m/nofp/libg.a(libc_a-malloc.o)
                              CMakeFiles/pico.dir/home/christopher/Programs/DOWNLOADED/Libs/PicoSDKs/pico-sdk/src/rp2_common/pico_malloc/malloc.c.o (malloc)
/usr/lib/gcc/arm-none-eabi/14.2.0/../../../../arm-none-eabi/lib/thumb/v6-m/nofp/libg.a(libc_a-mallocr.o)
                              /usr/lib/gcc/arm-none-eabi/14.2.0/../../../../arm-none-eabi/lib/thumb/v6-m/nofp/libg.a(libc_a-callocr.o) (_malloc_r)
/usr/lib/gcc/arm-none-eabi/14.2.0/../../../../arm-none-eabi/lib/thumb/v6-m/nofp/libg.a(libc_a-mlock.o)
                              /usr/lib/gcc/arm-none-eabi/14.2.0/../../../../arm-none-eabi/lib/thumb/v6-m/nofp/libg.a(libc_a-mallocr.o) (__malloc_lock)
/usr/lib/gcc/arm-none-eabi/14.2.0/../../../../arm-none-eabi/lib/thumb/v6-m/nofp/libg.a(libc_a-realloc.o)
                              CMakeFiles/pico.dir/home/christopher/Programs/DOWNLOADED/Libs/PicoSDKs/pico-sdk/src/rp2_common/pico_malloc/malloc.c.o (realloc)
/usr/lib/gcc/arm-none-eabi/14.2.0/../../../../arm-none-eabi/lib/thumb/v6-m/nofp/libg.a(libc_a-reallocr.o)
                              /usr/lib/gcc/arm-none-eabi/14.2.0/../../../../arm-none-eabi/lib/thumb/v6-m/nofp/libg.a(libc_a-realloc.o) (_realloc_r)
/usr/lib/gcc/arm-none-eabi/14.2.0/../../../../arm-none-eabi/lib/thumb/v6-m/nofp/libg.a(libc_a-fwrite.o)
                              CMakeFiles/pico.dir/dep/pico-vfs/src/filesystem/fat.c.o (fwrite)
/usr/lib/gcc/arm-none-eabi/14.2.0/../../../../arm-none-eabi/lib/thumb/v6-m/nofp/libg.a(libc_a-memcmp.o)
                              CMakeFiles/pico.dir/home/christopher/Programs/DOWNLOADED/Libs/PicoSDKs/pico-sdk/src/rp2_common/pico_atomic/atomic.c.o (memcmp)
/usr/lib/gcc/arm-none-eabi/14.2.0/../../../../arm-none-eabi/lib/thumb/v6-m/nofp/libg.a(libc_a-memmove.o)
                              /usr/lib/gcc/arm-none-eabi/14.2.0/../../../../arm-none-eabi/lib/thumb/v6-m/nofp/libg.a(libc_a-reallocr.o) (memmove)
/usr/lib/gcc/arm-none-eabi/14.2.0/../../../../arm-none-eabi/lib/thumb/v6-m/nofp/libg.a(libc_a-strchr.o)
                              CMakeFiles/pico.dir/dep/pico-vfs/vendor/ff15/source/ff.c.o (strchr)
/usr/lib/gcc/arm-none-eabi/14.2.0/../../../../arm-none-eabi/lib/thumb/v6-m/nofp/libg.a(libc_a-strdup.o)
                              CMakeFiles/pico.dir/dep/pico-vfs/src/filesystem/vfs.c.o (strdup)
/usr/lib/gcc/arm-none-eabi/14.2.0/../../../../arm-none-eabi/lib/thumb/v6-m/nofp/libg.a(libc_a-strdup_r.o)
                              /usr/lib/gcc/arm-none-eabi/14.2.0/../../../../arm-none-eabi/lib/thumb/v6-m/nofp/libg.a(libc_a-strdup.o) (_strdup_r)
/usr/lib/gcc/arm-none-eabi/14.2.0/../../../../arm-none-eabi/lib/thumb/v6-m/nofp/libg.a(libc_a-strerror.o)
                              CMakeFiles/pico.dir/dep/pico-vfs/src/filesystem/vfs.c.o (strerror)
/usr/lib/gcc/arm-none-eabi/14.2.0/../../../../arm-none-eabi/lib/thumb/v6-m/nofp/libg.a(libc_a-strncmp.o)
                              CMakeFiles/pico.dir/dep/pico-vfs/src/filesystem/vfs.c.o (strncmp)
/usr/lib/gcc/arm-none-eabi/14.2.0/../../../../arm-none-eabi/lib/thumb/v6-m/nofp/libg.a(libc_a-strncpy.o)
                              CMakeFiles/pico.dir/dep/pico-vfs/src/filesystem/fat.c.o (strncpy)
/usr/lib/gcc/arm-none-eabi/14.2.0/../../../../arm-none-eabi/lib/thumb/v6-m/nofp/libg.a(libc_a-u_strerr.o)
                              /usr/lib/gcc/arm-none-eabi/14.2.0/../../../../arm-none-eabi/lib/thumb/v6-m/nofp/libg.a(libc_a-strerror.o) (_user_strerror)
/usr/lib/gcc/arm-none-eabi/14.2.0/../../../../arm-none-eabi/lib/thumb/v6-m/nofp/libg.a(libc_a-lcltime.o)
                              CMakeFiles/pico.dir/dep/pico-vfs/src/filesystem/fat.c.o (localtime)
/usr/lib/gcc/arm-none-eabi/14.2.0/../../../../arm-none-eabi/lib/thumb/v6-m/nofp/libg.a(libc_a-lcltime_r.o)
[...]
Memory Configuration

Name             Origin             Length             Attributes
FLASH            0x10000000         0x00200000         xr
RAM              0x20000000         0x00040000         xrw
SCRATCH_X        0x20040000         0x00001000         xrw
SCRATCH_Y        0x20041000         0x00001000         xrw
*default*        0x00000000         0xffffffff

Linker script and memory map

LOAD /usr/lib/gcc/arm-none-eabi/14.2.0/thumb/v6-m/nofp/crti.o
LOAD /usr/lib/gcc/arm-none-eabi/14.2.0/thumb/v6-m/nofp/crtbegin.o
LOAD /usr/lib/gcc/arm-none-eabi/14.2.0/../../../../arm-none-eabi/lib/thumb/v6-m/nofp/crt0.o

.flash_begin    0x10000000        0x0
                0x10000000                        __flash_binary_start = .

.boot2          0x10000000      0x100
                0x10000000                        __boot2_start__ = .
 *(.boot2)
 .boot2         0x10000000      0x100 dep/pico-vfs/pico-sdk/src/rp2040/boot_stage2/CMakeFiles/bs2_default_library.dir/bs2_default_padded_checksummed.S.o
                0x10000100                        __boot2_end__ = .
                0x00000001                        ASSERT (((__boot2_end__ - __boot2_start__) == 0x100), ERROR: Pico second stage bootloader must be 256 bytes in size)

.text           0x10000100    0x1302c
                0x10000100                        __logical_binary_start = .
 *(.vectors)
 .vectors       0x10000100       0xd4 CMakeFiles/pico.dir/home/christopher/Programs/DOWNLOADED/Libs/PicoSDKs/pico-sdk/src/rp2_common/pico_crt0/crt0.S.o
                0x10000100                __vectors
                0x10000100                __VECTOR_TABLE
                0x100001c0                isr_invalid
                0x100001c0                __default_isrs_start
                0x100001c2                isr_nmi
                0x100001c4                isr_hardfault
                0x100001c6                isr_svcall
                0x100001c8                isr_pendsv
                0x100001ca                isr_systick
                0x100001cc                isr_irq30
                0x100001cc                __unhandled_user_irq
                0x100001cc                isr_irq13
                0x100001cc                isr_irq27
                0x100001cc                isr_irq31
                0x100001cc                isr_irq5
                0x100001cc                isr_irq11
                0x100001cc                isr_irq23
                0x100001cc                isr_irq18
                0x100001cc                isr_irq28
                0x100001cc                isr_irq19
                0x100001cc                isr_irq0
                0x100001cc                isr_irq6
                0x100001cc                isr_irq22
                0x100001cc                isr_irq17
                0x100001cc                isr_irq14
                0x100001cc                isr_irq2
                0x100001cc                isr_irq10
                0x100001cc                isr_irq8
                0x100001cc                isr_irq24
                0x100001cc                isr_irq1
                0x100001cc                isr_irq7
                0x100001cc                isr_irq21
                0x100001cc                isr_irq20
                0x100001cc                isr_irq15
                0x100001cc                isr_irq25
                0x100001cc                isr_irq4
                0x100001cc                isr_irq16
                0x100001cc                isr_irq29
                0x100001cc                isr_irq26
                0x100001cc                __default_isrs_end
                0x100001cc                isr_irq3
                0x100001cc                isr_irq12
                0x100001cc                isr_irq9
                0x100001d2                unhandled_user_irq_num_in_r0
 *(.binary_info_header)
 .binary_info_header
                0x100001d4       0x14 CMakeFiles/pico.dir/home/christopher/Programs/DOWNLOADED/Libs/PicoSDKs/pico-sdk/src/rp2_common/pico_crt0/crt0.S.o
                0x100001e8                        __binary_info_header_end = .
 *(.embedded_block)
                0x100001e8                        __embedded_block_end = .
 *(.reset)
 .reset         0x100001e8       0x9c CMakeFiles/pico.dir/home/christopher/Programs/DOWNLOADED/Libs/PicoSDKs/pico-sdk/src/rp2_common/pico_crt0/crt0.S.o
                0x100001e8                _entry_point
 *(.init)
 .init          0x10000284        0x4 /usr/lib/gcc/arm-none-eabi/14.2.0/thumb/v6-m/nofp/crti.o
                0x10000284                _init
 *(EXCLUDE_FILE(*libm.a: *libc.a:*lib_a-mem*.o *libgcc.a:) .text*)
 .text.frame_dummy
                0x10000288       0x20 /usr/lib/gcc/arm-none-eabi/14.2.0/thumb/v6-m/nofp/crtbegin.o
 .text.loadapp  0x100002a8       0xa4 CMakeFiles/pico.dir/Src/main.c.o
                0x100002a8                loadapp
 .text.startup.main
                0x1000034c       0x10 CMakeFiles/pico.dir/Src/main.c.o
                0x1000034c                main
 *fill*         0x1000035c        0x4 
 .text          0x10000360        0x8 CMakeFiles/pico.dir/Src/ASM/loader.s.o
                0x10000360                loader
 .text.gpio_set_function
                0x10000368       0x34 CMakeFiles/pico.dir/home/christopher/Programs/DOWNLOADED/Libs/PicoSDKs/pico-sdk/src/rp2_common/hardware_gpio/gpio.c.o
                0x10000368                gpio_set_function
 .text.gpio_set_pulls
                0x1000039c       0x28 CMakeFiles/pico.dir/home/christopher/Programs/DOWNLOADED/Libs/PicoSDKs/pico-sdk/src/rp2_common/hardware_gpio/gpio.c.o
                0x1000039c                gpio_set_pulls
 .text.gpio_set_drive_strength
                0x100003c4       0x24 CMakeFiles/pico.dir/home/christopher/Programs/DOWNLOADED/Libs/PicoSDKs/pico-sdk/src/rp2_common/hardware_gpio/gpio.c.o
                0x100003c4                gpio_set_drive_strength
 .text.gpio_init
                0x100003e8       0x40 CMakeFiles/pico.dir/home/christopher/Programs/DOWNLOADED/Libs/PicoSDKs/pico-sdk/src/rp2_common/hardware_gpio/gpio.c.o
                0x100003e8                gpio_init
 .text.panic    0x10000428       0x30 CMakeFiles/pico.dir/home/christopher/Programs/DOWNLOADED/Libs/PicoSDKs/pico-sdk/src/rp2_common/pico_platform_panic/panic.c.o
                0x10000428                panic
 .text.hw_claim_or_assert
                0x10000458       0x44 CMakeFiles/pico.dir/home/christopher/Programs/DOWNLOADED/Libs/PicoSDKs/pico-sdk/src/common/hardware_claim/claim.c.o
                0x10000458                hw_claim_or_assert
 .text.next_striped_spin_lock_num
                0x1000049c       0x18 CMakeFiles/pico.dir/home/christopher/Programs/DOWNLOADED/Libs/PicoSDKs/pico-sdk/src/rp2_common/hardware_sync/sync.c.o
                0x1000049c                next_striped_spin_lock_num
 .text.spin_locks_reset
                0x100004b4       0x1c CMakeFiles/pico.dir/home/christopher/Programs/DOWNLOADED/Libs/PicoSDKs/pico-sdk/src/rp2_common/hardware_sync_spin_lock/sync_spin_lock.c.o
                0x100004b4                spin_locks_reset
 .text.runtime_init_per_core_irq_priorities
                0x100004d0       0x24 CMakeFiles/pico.dir/home/christopher/Programs/DOWNLOADED/Libs/PicoSDKs/pico-sdk/src/rp2_common/hardware_irq/irq.c.o
                0x100004d0                runtime_init_per_core_irq_priorities
 .text.irq_set_enabled
                0x100004f4       0x24 CMakeFiles/pico.dir/home/christopher/Programs/DOWNLOADED/Libs/PicoSDKs/pico-sdk/src/rp2_common/hardware_irq/irq.c.o
                0x100004f4                irq_set_enabled
 .text.irq_set_exclusive_handler
                0x10000518       0x54 CMakeFiles/pico.dir/home/christopher/Programs/DOWNLOADED/Libs/PicoSDKs/pico-sdk/src/rp2_common/hardware_irq/irq.c.o
                0x10000518                irq_set_exclusive_handler
 .text.lock_init
                0x1000056c       0x10 CMakeFiles/pico.dir/home/christopher/Programs/DOWNLOADED/Libs/PicoSDKs/pico-sdk/src/common/pico_sync/lock_core.c.o
                0x1000056c                lock_init
 .text.runtime_init_mutex
                0x1000057c       0x50 CMakeFiles/pico.dir/home/christopher/Programs/DOWNLOADED/Libs/PicoSDKs/pico-sdk/src/common/pico_sync/mutex.c.o
                0x1000057c                runtime_init_mutex
 .text.mutex_init
                0x100005cc       0x1c CMakeFiles/pico.dir/home/christopher/Programs/DOWNLOADED/Libs/PicoSDKs/pico-sdk/src/common/pico_sync/mutex.c.o
                0x100005cc                mutex_init
 .text.sleep_until_callback
                0x100005e8       0x30 CMakeFiles/pico.dir/home/christopher/Programs/DOWNLOADED/Libs/PicoSDKs/pico-sdk/src/common/pico_time/time.c.o
 .text.alarm_pool_irq_handler
                0x10000618      0x2fc CMakeFiles/pico.dir/home/christopher/Programs/DOWNLOADED/Libs/PicoSDKs/pico-sdk/src/common/pico_time/time.c.o
 .text.runtime_init_default_alarm_pool
                0x10000914       0xdc CMakeFiles/pico.dir/home/christopher/Programs/DOWNLOADED/Libs/PicoSDKs/pico-sdk/src/common/pico_time/time.c.o
                0x10000914                runtime_init_default_alarm_pool
 .text.alarm_pool_add_alarm_at_force_in_context
                0x100009f0       0xb0 CMakeFiles/pico.dir/home/christopher/Programs/DOWNLOADED/Libs/PicoSDKs/pico-sdk/src/common/pico_time/time.c.o
                0x100009f0                alarm_pool_add_alarm_at_force_in_context
 .text.alarm_pool_cancel_alarm
                0x10000aa0       0x74 CMakeFiles/pico.dir/home/christopher/Programs/DOWNLOADED/Libs/PicoSDKs/pico-sdk/src/common/pico_time/time.c.o
                0x10000aa0                alarm_pool_cancel_alarm
 .text.sleep_ms
                0x10000b14       0xfc CMakeFiles/pico.dir/home/christopher/Programs/DOWNLOADED/Libs/PicoSDKs/pico-sdk/src/common/pico_time/time.c.o
                0x10000b14                sleep_ms
 .text.best_effort_wfe_or_timeout
                0x10000c10       0xec CMakeFiles/pico.dir/home/christopher/Programs/DOWNLOADED/Libs/PicoSDKs/pico-sdk/src/common/pico_time/time.c.o
                0x10000c10                best_effort_wfe_or_timeout
 .text.timer_hardware_alarm_claim
                0x10000cfc       0x14 CMakeFiles/pico.dir/home/christopher/Programs/DOWNLOADED/Libs/PicoSDKs/pico-sdk/src/rp2_common/hardware_timer/timer.c.o
                0x10000cfc                timer_hardware_alarm_claim
 .text.timer_time_us_64
                0x10000d10       0x10 CMakeFiles/pico.dir/home/christopher/Programs/DOWNLOADED/Libs/PicoSDKs/pico-sdk/src/rp2_common/hardware_timer/timer.c.o
                0x10000d10                timer_time_us_64
 .text.time_us_64
                0x10000d20       0x14 CMakeFiles/pico.dir/home/christopher/Programs/DOWNLOADED/Libs/PicoSDKs/pico-sdk/src/rp2_common/hardware_timer/timer.c.o
                0x10000d20                time_us_64
 .text.busy_wait_us
                0x10000d34       0x68 CMakeFiles/pico.dir/home/christopher/Programs/DOWNLOADED/Libs/PicoSDKs/pico-sdk/src/rp2_common/hardware_timer/timer.c.o
                0x10000d34                busy_wait_us
 .text.busy_wait_until
                0x10000d9c       0x20 CMakeFiles/pico.dir/home/christopher/Programs/DOWNLOADED/Libs/PicoSDKs/pico-sdk/src/rp2_common/hardware_timer/timer.c.o
                0x10000d9c                busy_wait_until
 .text.clock_configure_int_divider
                0x10000dbc       0xf4 CMakeFiles/pico.dir/home/christopher/Programs/DOWNLOADED/Libs/PicoSDKs/pico-sdk/src/rp2_common/hardware_clocks/clocks.c.o
                0x10000dbc                clock_configure_int_divider
 .text.clock_configure_undivided
                0x10000eb0       0xe8 CMakeFiles/pico.dir/home/christopher/Programs/DOWNLOADED/Libs/PicoSDKs/pico-sdk/src/rp2_common/hardware_clocks/clocks.c.o
                0x10000eb0                clock_configure_undivided
 .text.clock_get_hz
                0x10000f98        0xc CMakeFiles/pico.dir/home/christopher/Programs/DOWNLOADED/Libs/PicoSDKs/pico-sdk/src/rp2_common/hardware_clocks/clocks.c.o
                0x10000f98                clock_get_hz
 .text.pll_init
                0x10000fa4       0xa4 CMakeFiles/pico.dir/home/christopher/Programs/DOWNLOADED/Libs/PicoSDKs/pico-sdk/src/rp2_common/hardware_pll/pll.c.o
                0x10000fa4                pll_init
 .text.tick_start
                0x10001048       0x10 CMakeFiles/pico.dir/home/christopher/Programs/DOWNLOADED/Libs/PicoSDKs/pico-sdk/src/rp2_common/hardware_ticks/ticks.c.o
                0x10001048                tick_start
 .text.rom_func_lookup
                0x10001058       0x10 CMakeFiles/pico.dir/home/christopher/Programs/DOWNLOADED/Libs/PicoSDKs/pico-sdk/src/rp2_common/pico_bootrom/bootrom.c.o
                0x10001058                rom_func_lookup
 .text.rom_data_lookup
                0x10001068       0x10 CMakeFiles/pico.dir/home/christopher/Programs/DOWNLOADED/Libs/PicoSDKs/pico-sdk/src/rp2_common/pico_bootrom/bootrom.c.o
                0x10001068                rom_data_lookup
 .text.rom_funcs_lookup
                0x10001078       0x44 CMakeFiles/pico.dir/home/christopher/Programs/DOWNLOADED/Libs/PicoSDKs/pico-sdk/src/rp2_common/pico_bootrom/bootrom.c.o
                0x10001078                rom_funcs_lookup
 .text.xosc_init
                0x100010bc       0x28 CMakeFiles/pico.dir/home/christopher/Programs/DOWNLOADED/Libs/PicoSDKs/pico-sdk/src/rp2_common/hardware_xosc/xosc.c.o
                0x100010bc                xosc_init
 .text.first_per_core_initializer
                0x100010e4        0x4 CMakeFiles/pico.dir/home/christopher/Programs/DOWNLOADED/Libs/PicoSDKs/pico-sdk/src/rp2_common/pico_runtime/runtime.c.o
 .text.hard_assertion_failure
                0x100010e8        0xc CMakeFiles/pico.dir/home/christopher/Programs/DOWNLOADED/Libs/PicoSDKs/pico-sdk/src/rp2_common/pico_runtime/runtime.c.o
                0x100010e8                hard_assertion_failure
 .text.runtime_run_initializers
                0x100010f4       0x28 CMakeFiles/pico.dir/home/christopher/Programs/DOWNLOADED/Libs/PicoSDKs/pico-sdk/src/rp2_common/pico_runtime/runtime.c.o
                0x100010f4                runtime_run_initializers
 .text.runtime_init_early_resets
                0x1000111c       0x2c CMakeFiles/pico.dir/home/christopher/Programs/DOWNLOADED/Libs/PicoSDKs/pico-sdk/src/rp2_common/pico_runtime_init/runtime_init.c.o
                0x1000111c                runtime_init_early_resets
 .text.runtime_init_usb_power_down
                0x10001148       0x1c CMakeFiles/pico.dir/home/christopher/Programs/DOWNLOADED/Libs/PicoSDKs/pico-sdk/src/rp2_common/pico_runtime_init/runtime_init.c.o
                0x10001148                runtime_init_usb_power_down
 .text.runtime_init_post_clock_resets
                0x10001164       0x20 CMakeFiles/pico.dir/home/christopher/Programs/DOWNLOADED/Libs/PicoSDKs/pico-sdk/src/rp2_common/pico_runtime_init/runtime_init.c.o
                0x10001164                runtime_init_post_clock_resets
 .text.runtime_init_rp2040_gpio_ie_disable
                0x10001184       0x14 CMakeFiles/pico.dir/home/christopher/Programs/DOWNLOADED/Libs/PicoSDKs/pico-sdk/src/rp2_common/pico_runtime_init/runtime_init.c.o
                0x10001184                runtime_init_rp2040_gpio_ie_disable
 .text.runtime_init_spin_locks_reset
                0x10001198        0x8 CMakeFiles/pico.dir/home/christopher/Programs/DOWNLOADED/Libs/PicoSDKs/pico-sdk/src/rp2_common/pico_runtime_init/runtime_init.c.o
                0x10001198                runtime_init_spin_locks_reset
 .text.runtime_init_install_ram_vector_table
                0x100011a0       0x1c CMakeFiles/pico.dir/home/christopher/Programs/DOWNLOADED/Libs/PicoSDKs/pico-sdk/src/rp2_common/pico_runtime_init/runtime_init.c.o
                0x100011a0                runtime_init_install_ram_vector_table
 .text.runtime_init_clocks
                0x100011bc       0xd8 CMakeFiles/pico.dir/home/christopher/Programs/DOWNLOADED/Libs/PicoSDKs/pico-sdk/src/rp2_common/pico_runtime_init/runtime_init_clocks.c.o
                0x100011bc                runtime_init_clocks
 .text          0x10001294       0x10 CMakeFiles/pico.dir/home/christopher/Programs/DOWNLOADED/Libs/PicoSDKs/pico-sdk/src/rp2_common/pico_bit_ops/bit_ops_aeabi.S.o
 .text.__wrap___aeabi_idiv
                0x100012a4       0x50 CMakeFiles/pico.dir/home/christopher/Programs/DOWNLOADED/Libs/PicoSDKs/pico-sdk/src/rp2_common/pico_divider/divider_hardware.S.o
                0x100012a4                __wrap___aeabi_idivmod
                0x100012a4                divmod_s32s32
                0x100012a4                div_s32s32
                0x100012a4                __wrap___aeabi_idiv
                0x100012ac                divmod_s32s32_unsafe
                0x100012d8                divmod_s32s32_savestate
 .text.__wrap___aeabi_uidiv
                0x100012f4       0x4c CMakeFiles/pico.dir/home/christopher/Programs/DOWNLOADED/Libs/PicoSDKs/pico-sdk/src/rp2_common/pico_divider/divider_hardware.S.o
                0x100012f4                __wrap___aeabi_uidiv
                0x100012f4                __wrap___aeabi_uidivmod
                0x100012f4                div_u32u32
                0x100012f4                divmod_u32u32
                0x100012fc                divmod_u32u32_unsafe
                0x10001324                divmod_u32u32_savestate
 .text.__wrap___aeabi_ldiv
                0x10001340      0x424 CMakeFiles/pico.dir/home/christopher/Programs/DOWNLOADED/Libs/PicoSDKs/pico-sdk/src/rp2_common/pico_divider/divider_hardware.S.o
                0x10001340                div_s64s64
                0x10001340                divmod_s64s64
                0x10001340                __wrap___aeabi_ldivmod
                0x10001370                div_u64u64
                0x10001370                divmod_u64u64
                0x10001370                __wrap___aeabi_uldivmod
                0x10001380                divmod_u64u64_savestate
                0x100013a0                divmod_s64s64_unsafe
                0x10001428                divmod_u64u64_unsafe
 .text.__wrap___aeabi_darithmetic
                0x10001764       0x80 CMakeFiles/pico.dir/home/christopher/Programs/DOWNLOADED/Libs/PicoSDKs/pico-sdk/src/rp2_common/pico_double/double_aeabi_rp2040.S.o
                0x10001764                __wrap___aeabi_drsub
                0x1000176a                __wrap___aeabi_dsub
                0x1000177c                __wrap___aeabi_dadd
                0x1000178e                __wrap___aeabi_ddiv
                0x100017ca                __wrap___aeabi_dmul
 .text.__wrap___aeabi_cdcmple
                0x100017e4       0x6c CMakeFiles/pico.dir/home/christopher/Programs/DOWNLOADED/Libs/PicoSDKs/pico-sdk/src/rp2_common/pico_double/double_aeabi_rp2040.S.o
                0x100017e4                __wrap___aeabi_cdrcmple
                0x100017f4                __wrap___aeabi_cdcmple
                0x100017f4                __wrap___aeabi_cdcmpeq
 .text.__wrap___aeabi_dcmplt
                0x10001850        0xc CMakeFiles/pico.dir/home/christopher/Programs/DOWNLOADED/Libs/PicoSDKs/pico-sdk/src/rp2_common/pico_double/double_aeabi_rp2040.S.o
                0x10001850                __wrap___aeabi_dcmplt
 .text.__wrap___aeabi_dcmple
                0x1000185c       0x10 CMakeFiles/pico.dir/home/christopher/Programs/DOWNLOADED/Libs/PicoSDKs/pico-sdk/src/rp2_common/pico_double/double_aeabi_rp2040.S.o
                0x1000185c                __wrap___aeabi_dcmple
 .text.__wrap___aeabi_dcmpge
                0x1000186c       0x10 CMakeFiles/pico.dir/home/christopher/Programs/DOWNLOADED/Libs/PicoSDKs/pico-sdk/src/rp2_common/pico_double/double_aeabi_rp2040.S.o
                0x1000186c                __wrap___aeabi_dcmpge
 .text.__wrap___aeabi_dcmpgt
                0x1000187c        0xa CMakeFiles/pico.dir/home/christopher/Programs/DOWNLOADED/Libs/PicoSDKs/pico-sdk/src/rp2_common/pico_double/double_aeabi_rp2040.S.o
                0x1000187c                __wrap___aeabi_dcmpgt
 .text.__wrap___aeabi_dcmpun
                0x10001886       0x18 CMakeFiles/pico.dir/home/christopher/Programs/DOWNLOADED/Libs/PicoSDKs/pico-sdk/src/rp2_common/pico_double/double_aeabi_rp2040.S.o
                0x10001886                __wrap___aeabi_dcmpun
 *fill*         0x1000189e        0x2 
 .text.__wrap___aeabi_i2d
                0x100018a0       0x38 CMakeFiles/pico.dir/home/christopher/Programs/DOWNLOADED/Libs/PicoSDKs/pico-sdk/src/rp2_common/pico_double/double_aeabi_rp2040.S.o
                0x100018a0                __wrap___aeabi_ui2d
                0x100018a8                __wrap___aeabi_i2d
 .text.__wrap___aeabi_d2iz
                0x100018d8       0x48 CMakeFiles/pico.dir/home/christopher/Programs/DOWNLOADED/Libs/PicoSDKs/pico-sdk/src/rp2_common/pico_double/double_aeabi_rp2040.S.o
                0x100018d8                __wrap___aeabi_d2iz
                0x100018d8                double2int_z
 .text.__wrap___aeabi_d2uiz
                0x10001920       0x18 CMakeFiles/pico.dir/home/christopher/Programs/DOWNLOADED/Libs/PicoSDKs/pico-sdk/src/rp2_common/pico_double/double_aeabi_rp2040.S.o
                0x10001920                double2uint
                0x10001920                __wrap___aeabi_d2uiz
 .text.__aeabi_double_init
                0x10001938       0xa4 CMakeFiles/pico.dir/home/christopher/Programs/DOWNLOADED/Libs/PicoSDKs/pico-sdk/src/rp2_common/pico_double/double_init_rom_rp2040.c.o
                0x10001938                __aeabi_double_init
 .text.double_table_shim_on_use_helper
                0x100019dc       0x2c CMakeFiles/pico.dir/home/christopher/Programs/DOWNLOADED/Libs/PicoSDKs/pico-sdk/src/rp2_common/pico_double/double_v1_rom_shim_rp2040.S.o
                0x100019dc                double_table_shim_on_use_helper
 .text.__wrap___aeabi_dsub
                0x10001a08       0x10 CMakeFiles/pico.dir/home/christopher/Programs/DOWNLOADED/Libs/PicoSDKs/pico-sdk/src/rp2_common/pico_double/double_v1_rom_shim_rp2040.S.o
                0x10001a08                drsub_shim
                0x10001a0e                dsub_shim
 .text.dadd_shim
                0x10001a18      0x15c CMakeFiles/pico.dir/home/christopher/Programs/DOWNLOADED/Libs/PicoSDKs/pico-sdk/src/rp2_common/pico_double/double_v1_rom_shim_rp2040.S.o
                0x10001a18                dadd_shim
 .text.dmul_shim
                0x10001b74      0x15c CMakeFiles/pico.dir/home/christopher/Programs/DOWNLOADED/Libs/PicoSDKs/pico-sdk/src/rp2_common/pico_double/double_v1_rom_shim_rp2040.S.o
                0x10001b74                dmul_shim
 .text.ddiv_shim
                0x10001cd0      0x1b0 CMakeFiles/pico.dir/home/christopher/Programs/DOWNLOADED/Libs/PicoSDKs/pico-sdk/src/rp2_common/pico_double/double_v1_rom_shim_rp2040.S.o
                0x10001cd0                ddiv_shim
 .text.double2uint_shim
                0x10001e80        0xe CMakeFiles/pico.dir/home/christopher/Programs/DOWNLOADED/Libs/PicoSDKs/pico-sdk/src/rp2_common/pico_double/double_v1_rom_shim_rp2040.S.o
                0x10001e80                double2uint_shim
                0x10001e82                double2ufix_shim
 *fill*         0x10001e8e        0x2 
 .text.double2uint64_shim
                0x10001e90       0x70 CMakeFiles/pico.dir/home/christopher/Programs/DOWNLOADED/Libs/PicoSDKs/pico-sdk/src/rp2_common/pico_double/double_v1_rom_shim_rp2040.S.o
                0x10001e90                double2uint64_shim
                0x10001e92                double2ufix64_shim
                0x10001eb2                d2fix_a
 .text.dunpacks
                0x10001f00       0x3c CMakeFiles/pico.dir/home/christopher/Programs/DOWNLOADED/Libs/PicoSDKs/pico-sdk/src/rp2_common/pico_double/double_v1_rom_shim_rp2040.S.o
                0x10001f00                dunpacks
 .text.__aeabi_lmul
                0x10001f3c       0x32 CMakeFiles/pico.dir/home/christopher/Programs/DOWNLOADED/Libs/PicoSDKs/pico-sdk/src/rp2_common/pico_int64_ops/pico_int64_ops_aeabi.S.o
                0x10001f3c                __wrap___aeabi_lmul
 *fill*         0x10001f6e        0x2 
 .text.__aeabi_float_init
                0x10001f70       0x64 CMakeFiles/pico.dir/home/christopher/Programs/DOWNLOADED/Libs/PicoSDKs/pico-sdk/src/rp2_common/pico_float/float_init_rom_rp2040.c.o
                0x10001f70                __aeabi_float_init
 .text.float_table_shim_on_use_helper
                0x10001fd4       0x2c CMakeFiles/pico.dir/home/christopher/Programs/DOWNLOADED/Libs/PicoSDKs/pico-sdk/src/rp2_common/pico_float/float_v1_rom_shim_rp2040.S.o
                0x10001fd4                float_table_shim_on_use_helper
 .text.__wrap_malloc
                0x10002000       0x24 CMakeFiles/pico.dir/home/christopher/Programs/DOWNLOADED/Libs/PicoSDKs/pico-sdk/src/rp2_common/pico_malloc/malloc.c.o
                0x10002000                __wrap_malloc
 .text.__wrap_calloc
                0x10002024       0x28 CMakeFiles/pico.dir/home/christopher/Programs/DOWNLOADED/Libs/PicoSDKs/pico-sdk/src/rp2_common/pico_malloc/malloc.c.o
                0x10002024                __wrap_calloc
 .text.__wrap_realloc
                0x1000204c       0x24 CMakeFiles/pico.dir/home/christopher/Programs/DOWNLOADED/Libs/PicoSDKs/pico-sdk/src/rp2_common/pico_malloc/malloc.c.o
                0x1000204c                __wrap_realloc
 .text.__wrap_free
                0x10002070        0x8 CMakeFiles/pico.dir/home/christopher/Programs/DOWNLOADED/Libs/PicoSDKs/pico-sdk/src/rp2_common/pico_malloc/malloc.c.o
                0x10002070                __wrap_free
 .text          0x10002078       0x10 CMakeFiles/pico.dir/home/christopher/Programs/DOWNLOADED/Libs/PicoSDKs/pico-sdk/src/rp2_common/pico_mem_ops/mem_ops_aeabi.S.o
                0x10002078                __aeabi_mem_init
 .text.memset   0x10002088        0xc CMakeFiles/pico.dir/home/christopher/Programs/DOWNLOADED/Libs/PicoSDKs/pico-sdk/src/rp2_common/pico_mem_ops/mem_ops_aeabi.S.o
                0x10002088                __wrap_memset
 .text.memcpy   0x10002094        0xc CMakeFiles/pico.dir/home/christopher/Programs/DOWNLOADED/Libs/PicoSDKs/pico-sdk/src/rp2_common/pico_mem_ops/mem_ops_aeabi.S.o
                0x10002094                __wrap___aeabi_memcpy
                0x10002094                __wrap_memcpy
 .text._out_null
                0x100020a0        0x4 CMakeFiles/pico.dir/home/christopher/Programs/DOWNLOADED/Libs/PicoSDKs/pico-sdk/src/rp2_common/pico_printf/printf.c.o
 .text._out_rev
                0x100020a4       0xac CMakeFiles/pico.dir/home/christopher/Programs/DOWNLOADED/Libs/PicoSDKs/pico-sdk/src/rp2_common/pico_printf/printf.c.o
 .text._ntoa_format
                0x10002150      0x1cc CMakeFiles/pico.dir/home/christopher/Programs/DOWNLOADED/Libs/PicoSDKs/pico-sdk/src/rp2_common/pico_printf/printf.c.o
 .text._out_char
                0x1000231c       0x10 CMakeFiles/pico.dir/home/christopher/Programs/DOWNLOADED/Libs/PicoSDKs/pico-sdk/src/rp2_common/pico_printf/printf.c.o
 .text._out_fct
                0x1000232c       0x10 CMakeFiles/pico.dir/home/christopher/Programs/DOWNLOADED/Libs/PicoSDKs/pico-sdk/src/rp2_common/pico_printf/printf.c.o
 .text._ftoa    0x1000233c      0x4a8 CMakeFiles/pico.dir/home/christopher/Programs/DOWNLOADED/Libs/PicoSDKs/pico-sdk/src/rp2_common/pico_printf/printf.c.o
 .text._etoa    0x100027e4      0x57c CMakeFiles/pico.dir/home/christopher/Programs/DOWNLOADED/Libs/PicoSDKs/pico-sdk/src/rp2_common/pico_printf/printf.c.o
 .text._vsnprintf
                0x10002d60      0xbe0 CMakeFiles/pico.dir/home/christopher/Programs/DOWNLOADED/Libs/PicoSDKs/pico-sdk/src/rp2_common/pico_printf/printf.c.o
 .text.vfctprintf
                0x10003940       0x24 CMakeFiles/pico.dir/home/christopher/Programs/DOWNLOADED/Libs/PicoSDKs/pico-sdk/src/rp2_common/pico_printf/printf.c.o
                0x10003940                vfctprintf
 .text.weak_raw_vprintf
                0x10003964       0x30 CMakeFiles/pico.dir/home/christopher/Programs/DOWNLOADED/Libs/PicoSDKs/pico-sdk/src/rp2_common/pico_printf/printf.c.o
                0x10003964                weak_raw_vprintf
 .text._exit    0x10003994        0x4 CMakeFiles/pico.dir/home/christopher/Programs/DOWNLOADED/Libs/PicoSDKs/pico-sdk/src/rp2_common/pico_clib_interface/newlib_interface.c.o
                0x10003994                _exit
 .text._sbrk    0x10003998       0x34 CMakeFiles/pico.dir/home/christopher/Programs/DOWNLOADED/Libs/PicoSDKs/pico-sdk/src/rp2_common/pico_clib_interface/newlib_interface.c.o
                0x10003998                _sbrk
 .text._gettimeofday
                0x100039cc       0x30 CMakeFiles/pico.dir/home/christopher/Programs/DOWNLOADED/Libs/PicoSDKs/pico-sdk/src/rp2_common/pico_clib_interface/newlib_interface.c.o
                0x100039cc                _gettimeofday
 .text._isatty  0x100039fc        0xc CMakeFiles/pico.dir/home/christopher/Programs/DOWNLOADED/Libs/PicoSDKs/pico-sdk/src/rp2_common/pico_clib_interface/newlib_interface.c.o
                0x100039fc                _isatty
 .text.exit     0x10003a08        0x8 CMakeFiles/pico.dir/home/christopher/Programs/DOWNLOADED/Libs/PicoSDKs/pico-sdk/src/rp2_common/pico_clib_interface/newlib_interface.c.o
                0x10003a08                exit
 .text.runtime_init
                0x10003a10       0x2c CMakeFiles/pico.dir/home/christopher/Programs/DOWNLOADED/Libs/PicoSDKs/pico-sdk/src/rp2_common/pico_clib_interface/newlib_interface.c.o
                0x10003a10                runtime_init
 .text.stdio_out_chars_no_crlf
                0x10003a3c       0x10 CMakeFiles/pico.dir/home/christopher/Programs/DOWNLOADED/Libs/PicoSDKs/pico-sdk/src/rp2_common/pico_stdio/stdio.c.o
 .text.stdio_out_chars_crlf
                0x10003a4c       0xb0 CMakeFiles/pico.dir/home/christopher/Programs/DOWNLOADED/Libs/PicoSDKs/pico-sdk/src/rp2_common/pico_stdio/stdio.c.o
 .text.stdio_buffered_printer
                0x10003afc       0x64 CMakeFiles/pico.dir/home/christopher/Programs/DOWNLOADED/Libs/PicoSDKs/pico-sdk/src/rp2_common/pico_stdio/stdio.c.o
 .text.stdio_put_string
                0x10003b60       0xfc CMakeFiles/pico.dir/home/christopher/Programs/DOWNLOADED/Libs/PicoSDKs/pico-sdk/src/rp2_common/pico_stdio/stdio.c.o
                0x10003b60                stdio_put_string
 .text.stdio_flush
                0x10003c5c       0x28 CMakeFiles/pico.dir/home/christopher/Programs/DOWNLOADED/Libs/PicoSDKs/pico-sdk/src/rp2_common/pico_stdio/stdio.c.o
                0x10003c5c                stdio_flush
 .text.__wrap_getchar
                0x10003c84       0x80 CMakeFiles/pico.dir/home/christopher/Programs/DOWNLOADED/Libs/PicoSDKs/pico-sdk/src/rp2_common/pico_stdio/stdio.c.o
                0x10003c84                __wrap_getchar
                0x10003c84                stdio_getchar
 .text.__wrap_putchar
                0x10003d04       0x94 CMakeFiles/pico.dir/home/christopher/Programs/DOWNLOADED/Libs/PicoSDKs/pico-sdk/src/rp2_common/pico_stdio/stdio.c.o
                0x10003d04                stdio_putchar
                0x10003d04                __wrap_putchar
 .text.__wrap_puts
                0x10003d98       0x3c CMakeFiles/pico.dir/home/christopher/Programs/DOWNLOADED/Libs/PicoSDKs/pico-sdk/src/rp2_common/pico_stdio/stdio.c.o
                0x10003d98                __wrap_puts
                0x10003d98                stdio_puts
 .text.__wrap_vprintf
                0x10003dd4       0xcc CMakeFiles/pico.dir/home/christopher/Programs/DOWNLOADED/Libs/PicoSDKs/pico-sdk/src/rp2_common/pico_stdio/stdio.c.o
                0x10003dd4                __wrap_vprintf
                0x10003dd4                stdio_vprintf
 .text.__wrap_printf
                0x10003ea0       0x18 CMakeFiles/pico.dir/home/christopher/Programs/DOWNLOADED/Libs/PicoSDKs/pico-sdk/src/rp2_common/pico_stdio/stdio.c.o
                0x10003ea0                stdio_printf
                0x10003ea0                __wrap_printf
 .text.spi_init
                0x10003eb8      0x13c CMakeFiles/pico.dir/home/christopher/Programs/DOWNLOADED/Libs/PicoSDKs/pico-sdk/src/rp2_common/hardware_spi/spi.c.o
                0x10003eb8                spi_init
 .text.spi_set_baudrate
                0x10003ff4       0xb8 CMakeFiles/pico.dir/home/christopher/Programs/DOWNLOADED/Libs/PicoSDKs/pico-sdk/src/rp2_common/hardware_spi/spi.c.o
                0x10003ff4                spi_set_baudrate
 .text.file_size
                0x100040ac       0x24 CMakeFiles/pico.dir/dep/pico-vfs/src/filesystem/fat.c.o
 .text.file_tell
                0x100040d0       0x24 CMakeFiles/pico.dir/dep/pico-vfs/src/filesystem/fat.c.o
 .text.dir_read
                0x100040f4       0x84 CMakeFiles/pico.dir/dep/pico-vfs/src/filesystem/fat.c.o
 .text.dir_close
                0x10004178       0x3c CMakeFiles/pico.dir/dep/pico-vfs/src/filesystem/fat.c.o
 .text.file_truncate
                0x100041b4       0x7c CMakeFiles/pico.dir/dep/pico-vfs/src/filesystem/fat.c.o
 .text.file_close
                0x10004230       0x44 CMakeFiles/pico.dir/dep/pico-vfs/src/filesystem/fat.c.o
 .text.format   0x10004274      0x15c CMakeFiles/pico.dir/dep/pico-vfs/src/filesystem/fat.c.o
 .text.unmount  0x100043d0       0x64 CMakeFiles/pico.dir/dep/pico-vfs/src/filesystem/fat.c.o
 .text.mount    0x10004434       0x9c CMakeFiles/pico.dir/dep/pico-vfs/src/filesystem/fat.c.o
 .text.file_write
                0x100044d0       0x64 CMakeFiles/pico.dir/dep/pico-vfs/src/filesystem/fat.c.o
 .text.file_read
                0x10004534       0x4c CMakeFiles/pico.dir/dep/pico-vfs/src/filesystem/fat.c.o
 .text.file_sync
                0x10004580       0x38 CMakeFiles/pico.dir/dep/pico-vfs/src/filesystem/fat.c.o
 .text.file_seek
                0x100045b8       0x5c CMakeFiles/pico.dir/dep/pico-vfs/src/filesystem/fat.c.o
 .text.file_open
                0x10004614       0xcc CMakeFiles/pico.dir/dep/pico-vfs/src/filesystem/fat.c.o
 .text.file_rmdir
                0x100046e0       0x60 CMakeFiles/pico.dir/dep/pico-vfs/src/filesystem/fat.c.o
 .text.file_mkdir
                0x10004740       0x60 CMakeFiles/pico.dir/dep/pico-vfs/src/filesystem/fat.c.o
 .text.file_remove
                0x100047a0       0x6c CMakeFiles/pico.dir/dep/pico-vfs/src/filesystem/fat.c.o
 .text.file_rename
                0x1000480c       0x9c CMakeFiles/pico.dir/dep/pico-vfs/src/filesystem/fat.c.o
 .text.dir_open
                0x100048a8       0xa4 CMakeFiles/pico.dir/dep/pico-vfs/src/filesystem/fat.c.o
 .text.file_stat
                0x1000494c       0xb4 CMakeFiles/pico.dir/dep/pico-vfs/src/filesystem/fat.c.o
 .text.disk_initialize
                0x10004a00       0x14 CMakeFiles/pico.dir/dep/pico-vfs/src/filesystem/fat.c.o
                0x10004a00                disk_initialize
 .text.disk_status
                0x10004a14        0x4 CMakeFiles/pico.dir/dep/pico-vfs/src/filesystem/fat.c.o
                0x10004a14                disk_status
 .text.disk_read
                0x10004a18       0x4c CMakeFiles/pico.dir/dep/pico-vfs/src/filesystem/fat.c.o
                0x10004a18                disk_read
 .text.disk_write
                0x10004a64       0x78 CMakeFiles/pico.dir/dep/pico-vfs/src/filesystem/fat.c.o
                0x10004a64                disk_write
 .text.disk_ioctl
                0x10004adc       0xec CMakeFiles/pico.dir/dep/pico-vfs/src/filesystem/fat.c.o
                0x10004adc                disk_ioctl
 .text.get_fattime
                0x10004bc8       0x40 CMakeFiles/pico.dir/dep/pico-vfs/src/filesystem/fat.c.o
                0x10004bc8                get_fattime
 .text.filesystem_fat_create
                0x10004c08      0x124 CMakeFiles/pico.dir/dep/pico-vfs/src/filesystem/fat.c.o
                0x10004c08                filesystem_fat_create
 .text.filesystem_fat_free
                0x10004d2c       0x14 CMakeFiles/pico.dir/dep/pico-vfs/src/filesystem/fat.c.o
                0x10004d2c                filesystem_fat_free
 .text.dir_clear
                0x10004d40      0x1c0 CMakeFiles/pico.dir/dep/pico-vfs/vendor/ff15/source/ff.c.o
 .text.init_alloc_info.isra.0
                0x10004f00       0x6c CMakeFiles/pico.dir/dep/pico-vfs/vendor/ff15/source/ff.c.o
 .text.get_fileinfo
                0x10004f6c      0x3b4 CMakeFiles/pico.dir/dep/pico-vfs/vendor/ff15/source/ff.c.o
 .text.move_window
                0x10005320       0xbc CMakeFiles/pico.dir/dep/pico-vfs/vendor/ff15/source/ff.c.o
 .text.put_fat.part.0
                0x100053dc      0x18c CMakeFiles/pico.dir/dep/pico-vfs/vendor/ff15/source/ff.c.o
 .text.get_fat  0x10005568      0x218 CMakeFiles/pico.dir/dep/pico-vfs/vendor/ff15/source/ff.c.o
 .text.sync_fs  0x10005780       0xfc CMakeFiles/pico.dir/dep/pico-vfs/vendor/ff15/source/ff.c.o
 .text.check_fs
                0x1000587c      0x19c CMakeFiles/pico.dir/dep/pico-vfs/vendor/ff15/source/ff.c.o
 .text.mount_volume
                0x10005a18      0x9f8 CMakeFiles/pico.dir/dep/pico-vfs/vendor/ff15/source/ff.c.o
 .text.dir_sdi  0x10006410      0x338 CMakeFiles/pico.dir/dep/pico-vfs/vendor/ff15/source/ff.c.o
 .text.dir_remove
                0x10006748      0x1e8 CMakeFiles/pico.dir/dep/pico-vfs/vendor/ff15/source/ff.c.o
 .text.store_xdir
                0x10006930      0x248 CMakeFiles/pico.dir/dep/pico-vfs/vendor/ff15/source/ff.c.o
 .text.remove_chain
                0x10006b78      0x41c CMakeFiles/pico.dir/dep/pico-vfs/vendor/ff15/source/ff.c.o
 .text.create_chain
                0x10006f94      0x578 CMakeFiles/pico.dir/dep/pico-vfs/vendor/ff15/source/ff.c.o
 .text.dir_next
                0x1000750c      0x114 CMakeFiles/pico.dir/dep/pico-vfs/vendor/ff15/source/ff.c.o
 .text.load_xdir
                0x10007620      0x1c4 CMakeFiles/pico.dir/dep/pico-vfs/vendor/ff15/source/ff.c.o
 .text.dir_read.constprop.0
                0x100077e4      0x5e8 CMakeFiles/pico.dir/dep/pico-vfs/vendor/ff15/source/ff.c.o
 .text.dir_find
                0x10007dcc      0x4b8 CMakeFiles/pico.dir/dep/pico-vfs/vendor/ff15/source/ff.c.o
 .text.follow_path
                0x10008284      0x4d0 CMakeFiles/pico.dir/dep/pico-vfs/vendor/ff15/source/ff.c.o
 .text.dir_alloc
                0x10008754      0x234 CMakeFiles/pico.dir/dep/pico-vfs/vendor/ff15/source/ff.c.o
 .text.dir_register
                0x10008988      0x93c CMakeFiles/pico.dir/dep/pico-vfs/vendor/ff15/source/ff.c.o
 .text.f_mount  0x100092c4       0x7c CMakeFiles/pico.dir/dep/pico-vfs/vendor/ff15/source/ff.c.o
                0x100092c4                f_mount
 .text.f_open   0x10009340      0x3ec CMakeFiles/pico.dir/dep/pico-vfs/vendor/ff15/source/ff.c.o
                0x10009340                f_open
 .text.f_read   0x1000972c      0x284 CMakeFiles/pico.dir/dep/pico-vfs/vendor/ff15/source/ff.c.o
                0x1000972c                f_read
 .text.f_write  0x100099b0      0x2f4 CMakeFiles/pico.dir/dep/pico-vfs/vendor/ff15/source/ff.c.o
                0x100099b0                f_write
 .text.f_sync   0x10009ca4      0x2b8 CMakeFiles/pico.dir/dep/pico-vfs/vendor/ff15/source/ff.c.o
                0x10009ca4                f_sync
 .text.f_close  0x10009f5c       0x40 CMakeFiles/pico.dir/dep/pico-vfs/vendor/ff15/source/ff.c.o
                0x10009f5c                f_close
 .text.f_lseek  0x10009f9c      0x3ac CMakeFiles/pico.dir/dep/pico-vfs/vendor/ff15/source/ff.c.o
                0x10009f9c                f_lseek
 .text.f_opendir
                0x1000a348       0xd4 CMakeFiles/pico.dir/dep/pico-vfs/vendor/ff15/source/ff.c.o
                0x1000a348                f_opendir
 .text.f_closedir
                0x1000a41c       0x34 CMakeFiles/pico.dir/dep/pico-vfs/vendor/ff15/source/ff.c.o
                0x1000a41c                f_closedir
 .text.f_readdir
                0x1000a450       0x8c CMakeFiles/pico.dir/dep/pico-vfs/vendor/ff15/source/ff.c.o
                0x1000a450                f_readdir
 .text.f_stat   0x1000a4dc       0x6c CMakeFiles/pico.dir/dep/pico-vfs/vendor/ff15/source/ff.c.o
                0x1000a4dc                f_stat
 .text.f_truncate
                0x1000a548      0x110 CMakeFiles/pico.dir/dep/pico-vfs/vendor/ff15/source/ff.c.o
                0x1000a548                f_truncate
 .text.f_unlink
                0x1000a658      0x11c CMakeFiles/pico.dir/dep/pico-vfs/vendor/ff15/source/ff.c.o
                0x1000a658                f_unlink
 .text.f_mkdir  0x1000a774      0x260 CMakeFiles/pico.dir/dep/pico-vfs/vendor/ff15/source/ff.c.o
                0x1000a774                f_mkdir
 .text.f_rename
                0x1000a9d4      0x268 CMakeFiles/pico.dir/dep/pico-vfs/vendor/ff15/source/ff.c.o
                0x1000a9d4                f_rename
 .text.f_mkfs   0x1000ac3c     0x1e14 CMakeFiles/pico.dir/dep/pico-vfs/vendor/ff15/source/ff.c.o
                0x1000ac3c                f_mkfs
 .text.ff_memalloc
                0x1000ca50        0x8 CMakeFiles/pico.dir/dep/pico-vfs/vendor/ff15/source/ffsystem.c.o
                0x1000ca50                ff_memalloc
 .text.ff_memfree
                0x1000ca58        0x8 CMakeFiles/pico.dir/dep/pico-vfs/vendor/ff15/source/ffsystem.c.o
                0x1000ca58                ff_memfree
 .text.ff_uni2oem
                0x1000ca60      0x18c CMakeFiles/pico.dir/dep/pico-vfs/vendor/ff15/source/ffunicode.c.o
                0x1000ca60                ff_uni2oem
 .text.ff_oem2uni
                0x1000cbec      0x184 CMakeFiles/pico.dir/dep/pico-vfs/vendor/ff15/source/ffunicode.c.o
                0x1000cbec                ff_oem2uni
 .text.ff_wtoupper
                0x1000cd70       0xb8 CMakeFiles/pico.dir/dep/pico-vfs/vendor/ff15/source/ffunicode.c.o
                0x1000cd70                ff_wtoupper
 .text.fs_mount
                0x1000ce28      0x108 CMakeFiles/pico.dir/dep/pico-vfs/src/filesystem/vfs.c.o
                0x1000ce28                fs_mount
 .text._fstat   0x1000cf30      0x19c CMakeFiles/pico.dir/dep/pico-vfs/src/filesystem/vfs.c.o
                0x1000cf30                _fstat
 .text._close   0x1000d0cc       0xa4 CMakeFiles/pico.dir/dep/pico-vfs/src/filesystem/vfs.c.o
                0x1000d0cc                _close
 .text._write   0x1000d170       0xb8 CMakeFiles/pico.dir/dep/pico-vfs/src/filesystem/vfs.c.o
                0x1000d170                _write
 .text._read    0x1000d228       0xa4 CMakeFiles/pico.dir/dep/pico-vfs/src/filesystem/vfs.c.o
                0x1000d228                _read
 .text._lseek   0x1000d2cc       0x84 CMakeFiles/pico.dir/dep/pico-vfs/src/filesystem/vfs.c.o
                0x1000d2cc                _lseek
 .text.deinit   0x1000d350        0xc CMakeFiles/pico.dir/dep/pico-vfs/src/blockdevice/sd.c.o
 .text.sync     0x1000d35c        0x4 CMakeFiles/pico.dir/dep/pico-vfs/src/blockdevice/sd.c.o
 .text.erase    0x1000d360        0x4 CMakeFiles/pico.dir/dep/pico-vfs/src/blockdevice/sd.c.o
 .text.size     0x1000d364       0x14 CMakeFiles/pico.dir/dep/pico-vfs/src/blockdevice/sd.c.o
 .text._cmd_spi
                0x1000d378      0x108 CMakeFiles/pico.dir/dep/pico-vfs/src/blockdevice/sd.c.o
 .text._write   0x1000d480      0x164 CMakeFiles/pico.dir/dep/pico-vfs/src/blockdevice/sd.c.o
 .text._cmd     0x1000d5e4      0x408 CMakeFiles/pico.dir/dep/pico-vfs/src/blockdevice/sd.c.o
 .text.trim     0x1000d9ec      0x114 CMakeFiles/pico.dir/dep/pico-vfs/src/blockdevice/sd.c.o
 .text.program  0x1000db00      0x174 CMakeFiles/pico.dir/dep/pico-vfs/src/blockdevice/sd.c.o
 .text.read     0x1000dc74      0x23c CMakeFiles/pico.dir/dep/pico-vfs/src/blockdevice/sd.c.o
 .text.init     0x1000deb0      0x654 CMakeFiles/pico.dir/dep/pico-vfs/src/blockdevice/sd.c.o
 .text.blockdevice_sd_create
                0x1000e504       0xf4 CMakeFiles/pico.dir/dep/pico-vfs/src/blockdevice/sd.c.o
                0x1000e504                blockdevice_sd_create
 .text.blockdevice_sd_free
                0x1000e5f8       0x14 CMakeFiles/pico.dir/dep/pico-vfs/src/blockdevice/sd.c.o
                0x1000e5f8                blockdevice_sd_free
 .text.atexit   0x1000e60c       0x10 /usr/lib/gcc/arm-none-eabi/14.2.0/../../../../arm-none-eabi/lib/thumb/v6-m/nofp/libg.a(libc_a-atexit.o)
                0x1000e60c                atexit
 .text.calloc   0x1000e61c       0x18 /usr/lib/gcc/arm-none-eabi/14.2.0/../../../../arm-none-eabi/lib/thumb/v6-m/nofp/libg.a(libc_a-calloc.o)
                0x1000e61c                calloc
 .text._calloc_r
                0x1000e634       0xa8 /usr/lib/gcc/arm-none-eabi/14.2.0/../../../../arm-none-eabi/lib/thumb/v6-m/nofp/libg.a(libc_a-callocr.o)
                0x1000e634                _calloc_r
 .text.malloc   0x1000e6dc       0x14 /usr/lib/gcc/arm-none-eabi/14.2.0/../../../../arm-none-eabi/lib/thumb/v6-m/nofp/libg.a(libc_a-malloc.o)
                0x1000e6dc                malloc
 .text.free     0x1000e6f0       0x14 /usr/lib/gcc/arm-none-eabi/14.2.0/../../../../arm-none-eabi/lib/thumb/v6-m/nofp/libg.a(libc_a-malloc.o)
                0x1000e6f0                free
 .text._malloc_r
                0x1000e704      0x5d0 /usr/lib/gcc/arm-none-eabi/14.2.0/../../../../arm-none-eabi/lib/thumb/v6-m/nofp/libg.a(libc_a-mallocr.o)
                0x1000e704                _malloc_r
 .text.__malloc_lock
                0x1000ecd4       0x10 /usr/lib/gcc/arm-none-eabi/14.2.0/../../../../arm-none-eabi/lib/thumb/v6-m/nofp/libg.a(libc_a-mlock.o)
                0x1000ecd4                __malloc_lock
 .text.__malloc_unlock
                0x1000ece4       0x10 /usr/lib/gcc/arm-none-eabi/14.2.0/../../../../arm-none-eabi/lib/thumb/v6-m/nofp/libg.a(libc_a-mlock.o)
                0x1000ece4                __malloc_unlock
 .text.realloc  0x1000ecf4       0x18 /usr/lib/gcc/arm-none-eabi/14.2.0/../../../../arm-none-eabi/lib/thumb/v6-m/nofp/libg.a(libc_a-realloc.o)
                0x1000ecf4                realloc
 .text._realloc_r
                0x1000ed0c      0x350 /usr/lib/gcc/arm-none-eabi/14.2.0/../../../../arm-none-eabi/lib/thumb/v6-m/nofp/libg.a(libc_a-reallocr.o)
                0x1000ed0c                _realloc_r
 .text._fwrite_r
                0x1000f05c       0xfc /usr/lib/gcc/arm-none-eabi/14.2.0/../../../../arm-none-eabi/lib/thumb/v6-m/nofp/libg.a(libc_a-fwrite.o)
                0x1000f05c                _fwrite_r
 .text.fwrite   0x1000f158       0x20 /usr/lib/gcc/arm-none-eabi/14.2.0/../../../../arm-none-eabi/lib/thumb/v6-m/nofp/libg.a(libc_a-fwrite.o)
                0x1000f158                fwrite
 .text.memcmp   0x1000f178       0x48 /usr/lib/gcc/arm-none-eabi/14.2.0/../../../../arm-none-eabi/lib/thumb/v6-m/nofp/libg.a(libc_a-memcmp.o)
                0x1000f178                memcmp
 .text.memmove  0x1000f1c0       0xc4 /usr/lib/gcc/arm-none-eabi/14.2.0/../../../../arm-none-eabi/lib/thumb/v6-m/nofp/libg.a(libc_a-memmove.o)
                0x1000f1c0                memmove
 .text.strchr   0x1000f284       0xc4 /usr/lib/gcc/arm-none-eabi/14.2.0/../../../../arm-none-eabi/lib/thumb/v6-m/nofp/libg.a(libc_a-strchr.o)
                0x1000f284                strchr
 .text.strdup   0x1000f348       0x14 /usr/lib/gcc/arm-none-eabi/14.2.0/../../../../arm-none-eabi/lib/thumb/v6-m/nofp/libg.a(libc_a-strdup.o)
                0x1000f348                strdup
 .text._strdup_r
                0x1000f35c       0x28 /usr/lib/gcc/arm-none-eabi/14.2.0/../../../../arm-none-eabi/lib/thumb/v6-m/nofp/libg.a(libc_a-strdup_r.o)
                0x1000f35c                _strdup_r
 .text.strncmp  0x1000f384       0x68 /usr/lib/gcc/arm-none-eabi/14.2.0/../../../../arm-none-eabi/lib/thumb/v6-m/nofp/libg.a(libc_a-strncmp.o)
                0x1000f384                strncmp
 .text.strncpy  0x1000f3ec       0x5c /usr/lib/gcc/arm-none-eabi/14.2.0/../../../../arm-none-eabi/lib/thumb/v6-m/nofp/libg.a(libc_a-strncpy.o)
                0x1000f3ec                strncpy
 .text.localtime
                0x1000f448       0x14 /usr/lib/gcc/arm-none-eabi/14.2.0/../../../../arm-none-eabi/lib/thumb/v6-m/nofp/libg.a(libc_a-lcltime.o)
                0x1000f448                localtime
 .text.localtime_r
                0x1000f45c      0x224 /usr/lib/gcc/arm-none-eabi/14.2.0/../../../../arm-none-eabi/lib/thumb/v6-m/nofp/libg.a(libc_a-lcltime_r.o)
                0x1000f45c                localtime_r
 .text.time     0x1000f680       0x38 /usr/lib/gcc/arm-none-eabi/14.2.0/../../../../arm-none-eabi/lib/thumb/v6-m/nofp/libg.a(libc_a-time.o)
                0x1000f680                time
 .text.__tzcalc_limits
                0x1000f6b8      0x1b0 /usr/lib/gcc/arm-none-eabi/14.2.0/../../../../arm-none-eabi/lib/thumb/v6-m/nofp/libg.a(libc_a-tzcalc_limits.o)
                0x1000f6b8                __tzcalc_limits
 .text.__tz_lock
                0x1000f868       0x10 /usr/lib/gcc/arm-none-eabi/14.2.0/../../../../arm-none-eabi/lib/thumb/v6-m/nofp/libg.a(libc_a-tzlock.o)
                0x1000f868                __tz_lock
 .text.__tz_unlock
                0x1000f878       0x10 /usr/lib/gcc/arm-none-eabi/14.2.0/../../../../arm-none-eabi/lib/thumb/v6-m/nofp/libg.a(libc_a-tzlock.o)
                0x1000f878                __tz_unlock
 .text._tzset_unlocked
                0x1000f888       0x10 /usr/lib/gcc/arm-none-eabi/14.2.0/../../../../arm-none-eabi/lib/thumb/v6-m/nofp/libg.a(libc_a-tzset.o)
                0x1000f888                _tzset_unlocked
 .text._tzset_unlocked_r
                0x1000f898      0x4ac /usr/lib/gcc/arm-none-eabi/14.2.0/../../../../arm-none-eabi/lib/thumb/v6-m/nofp/libg.a(libc_a-tzset_r.o)
                0x1000f898                _tzset_unlocked_r
 .text._gettimeofday_r
                0x1000fd44       0x28 /usr/lib/gcc/arm-none-eabi/14.2.0/../../../../arm-none-eabi/lib/thumb/v6-m/nofp/libg.a(libc_a-gettimeofdayr.o)
                0x1000fd44                _gettimeofday_r
 .text._sbrk_r  0x1000fd6c       0x24 /usr/lib/gcc/arm-none-eabi/14.2.0/../../../../arm-none-eabi/lib/thumb/v6-m/nofp/libg.a(libc_a-sbrkr.o)
                0x1000fd6c                _sbrk_r
 .text.__errno  0x1000fd90        0xc /usr/lib/gcc/arm-none-eabi/14.2.0/../../../../arm-none-eabi/lib/thumb/v6-m/nofp/libg.a(libc_a-errno.o)
                0x1000fd90                __errno
 .text.__libc_fini_array
                0x1000fd9c       0x28 /usr/lib/gcc/arm-none-eabi/14.2.0/../../../../arm-none-eabi/lib/thumb/v6-m/nofp/libg.a(libc_a-fini.o)
                0x1000fd9c                __libc_fini_array
 .text.__retarget_lock_init_recursive
                0x1000fdc4        0x4 /usr/lib/gcc/arm-none-eabi/14.2.0/../../../../arm-none-eabi/lib/thumb/v6-m/nofp/libg.a(libc_a-lock.o)
                0x1000fdc4                __retarget_lock_init_recursive
 .text.__retarget_lock_close_recursive
                0x1000fdc8        0x4 /usr/lib/gcc/arm-none-eabi/14.2.0/../../../../arm-none-eabi/lib/thumb/v6-m/nofp/libg.a(libc_a-lock.o)
                0x1000fdc8                __retarget_lock_close_recursive
 .text.__retarget_lock_acquire
                0x1000fdcc        0x4 /usr/lib/gcc/arm-none-eabi/14.2.0/../../../../arm-none-eabi/lib/thumb/v6-m/nofp/libg.a(libc_a-lock.o)
                0x1000fdcc                __retarget_lock_acquire
 .text.__retarget_lock_acquire_recursive
                0x1000fdd0        0x4 /usr/lib/gcc/arm-none-eabi/14.2.0/../../../../arm-none-eabi/lib/thumb/v6-m/nofp/libg.a(libc_a-lock.o)
                0x1000fdd0                __retarget_lock_acquire_recursive
 .text.__retarget_lock_release
                0x1000fdd4        0x4 /usr/lib/gcc/arm-none-eabi/14.2.0/../../../../arm-none-eabi/lib/thumb/v6-m/nofp/libg.a(libc_a-lock.o)
                0x1000fdd4                __retarget_lock_release
 .text.__retarget_lock_release_recursive
                0x1000fdd8        0x4 /usr/lib/gcc/arm-none-eabi/14.2.0/../../../../arm-none-eabi/lib/thumb/v6-m/nofp/libg.a(libc_a-lock.o)
                0x1000fdd8                __retarget_lock_release_recursive
 .text.sysconf  0x1000fddc       0x1c /usr/lib/gcc/arm-none-eabi/14.2.0/../../../../arm-none-eabi/lib/thumb/v6-m/nofp/libg.a(libc_a-sysconf.o)
                0x1000fddc                sysconf
 .text          0x1000fdf8       0x88 /usr/lib/gcc/arm-none-eabi/14.2.0/../../../../arm-none-eabi/lib/thumb/v6-m/nofp/libg.a(libc_a-strcmp.o)
                0x1000fdf8                strcmp
 .text.strcpy   0x1000fe80       0x10 /usr/lib/gcc/arm-none-eabi/14.2.0/../../../../arm-none-eabi/lib/thumb/v6-m/nofp/libg.a(libc_a-strcpy.o)
                0x1000fe80                strcpy
 .text.strlen   0x1000fe90       0x5c /usr/lib/gcc/arm-none-eabi/14.2.0/../../../../arm-none-eabi/lib/thumb/v6-m/nofp/libg.a(libc_a-strlen-stub.o)
                0x1000fe90                strlen
 .text.__register_exitproc
                0x1000feec       0xa8 /usr/lib/gcc/arm-none-eabi/14.2.0/../../../../arm-none-eabi/lib/thumb/v6-m/nofp/libg.a(libc_a-__atexit.o)
                0x1000feec                __register_exitproc
 .text.startup.register_fini
                0x1000ff94       0x18 /usr/lib/gcc/arm-none-eabi/14.2.0/../../../../arm-none-eabi/lib/thumb/v6-m/nofp/libg.a(libc_a-__call_atexit.o)
 .text._malloc_trim_r
                0x1000ffac       0xb4 /usr/lib/gcc/arm-none-eabi/14.2.0/../../../../arm-none-eabi/lib/thumb/v6-m/nofp/libg.a(libc_a-freer.o)
                0x1000ffac                _malloc_trim_r
 .text._free_r  0x10010060      0x1f0 /usr/lib/gcc/arm-none-eabi/14.2.0/../../../../arm-none-eabi/lib/thumb/v6-m/nofp/libg.a(libc_a-freer.o)
                0x10010060                _free_r
 .text._findenv_r
                0x10010250       0x8c /usr/lib/gcc/arm-none-eabi/14.2.0/../../../../arm-none-eabi/lib/thumb/v6-m/nofp/libg.a(libc_a-getenv_r.o)
                0x10010250                _findenv_r
 .text._getenv_r
                0x100102dc       0x10 /usr/lib/gcc/arm-none-eabi/14.2.0/../../../../arm-none-eabi/lib/thumb/v6-m/nofp/libg.a(libc_a-getenv_r.o)
                0x100102dc                _getenv_r
 .text._strtoul_l.isra.0
                0x100102ec      0x144 /usr/lib/gcc/arm-none-eabi/14.2.0/../../../../arm-none-eabi/lib/thumb/v6-m/nofp/libg.a(libc_a-strtoul.o)
 .text._strtoul_r
                0x10010430        0x8 /usr/lib/gcc/arm-none-eabi/14.2.0/../../../../arm-none-eabi/lib/thumb/v6-m/nofp/libg.a(libc_a-strtoul.o)
                0x10010430                _strtoul_r
 .text.strtoul  0x10010438       0x18 /usr/lib/gcc/arm-none-eabi/14.2.0/../../../../arm-none-eabi/lib/thumb/v6-m/nofp/libg.a(libc_a-strtoul.o)
                0x10010438                strtoul
 .text.siscanf  0x10010450       0x54 /usr/lib/gcc/arm-none-eabi/14.2.0/../../../../arm-none-eabi/lib/thumb/v6-m/nofp/libg.a(libc_a-siscanf.o)
                0x10010450                siscanf
 .text._sungetc_r
                0x100104a4       0x80 /usr/lib/gcc/arm-none-eabi/14.2.0/../../../../arm-none-eabi/lib/thumb/v6-m/nofp/libg.a(libc_a-svfiscanf.o)
                0x100104a4                _sungetc_r
 .text._sfread_r
                0x10010524       0xbc /usr/lib/gcc/arm-none-eabi/14.2.0/../../../../arm-none-eabi/lib/thumb/v6-m/nofp/libg.a(libc_a-svfiscanf.o)
                0x10010524                _sfread_r
 .text.__ssvfiscanf_r
                0x100105e0     0x16a0 /usr/lib/gcc/arm-none-eabi/14.2.0/../../../../arm-none-eabi/lib/thumb/v6-m/nofp/libg.a(libc_a-svfiscanf.o)
                0x100105e0                __ssvfiscanf_r
 .text.stdio_exit_handler
                0x10011c80       0x1c /usr/lib/gcc/arm-none-eabi/14.2.0/../../../../arm-none-eabi/lib/thumb/v6-m/nofp/libg.a(libc_a-findfp.o)
 .text.cleanup_stdio
                0x10011c9c       0x3c /usr/lib/gcc/arm-none-eabi/14.2.0/../../../../arm-none-eabi/lib/thumb/v6-m/nofp/libg.a(libc_a-findfp.o)
 .text.global_stdio_init.part.0
                0x10011cd8      0x118 /usr/lib/gcc/arm-none-eabi/14.2.0/../../../../arm-none-eabi/lib/thumb/v6-m/nofp/libg.a(libc_a-findfp.o)
 .text.__sinit  0x10011df0       0x38 /usr/lib/gcc/arm-none-eabi/14.2.0/../../../../arm-none-eabi/lib/thumb/v6-m/nofp/libg.a(libc_a-findfp.o)
                0x10011df0                __sinit
 .text.__sfp_lock_acquire
                0x10011e28       0x10 /usr/lib/gcc/arm-none-eabi/14.2.0/../../../../arm-none-eabi/lib/thumb/v6-m/nofp/libg.a(libc_a-findfp.o)
                0x10011e28                __sfp_lock_acquire
 .text.__sfp_lock_release
                0x10011e38       0x10 /usr/lib/gcc/arm-none-eabi/14.2.0/../../../../arm-none-eabi/lib/thumb/v6-m/nofp/libg.a(libc_a-findfp.o)
                0x10011e38                __sfp_lock_release
 .text.__sfvwrite_r
                0x10011e48      0x2e8 /usr/lib/gcc/arm-none-eabi/14.2.0/../../../../arm-none-eabi/lib/thumb/v6-m/nofp/libg.a(libc_a-fvwrite.o)
                0x10011e48                __sfvwrite_r
 .text._fwalk_sglue
                0x10012130       0x44 /usr/lib/gcc/arm-none-eabi/14.2.0/../../../../arm-none-eabi/lib/thumb/v6-m/nofp/libg.a(libc_a-fwalk.o)
                0x10012130                _fwalk_sglue
 .text.__sccl   0x10012174       0x80 /usr/lib/gcc/arm-none-eabi/14.2.0/../../../../arm-none-eabi/lib/thumb/v6-m/nofp/libg.a(libc_a-sccl.o)
                0x10012174                __sccl
 .text.__sread  0x100121f4       0x28 /usr/lib/gcc/arm-none-eabi/14.2.0/../../../../arm-none-eabi/lib/thumb/v6-m/nofp/libg.a(libc_a-stdio.o)
                0x100121f4                __sread
 .text.__seofread
                0x1001221c        0x4 /usr/lib/gcc/arm-none-eabi/14.2.0/../../../../arm-none-eabi/lib/thumb/v6-m/nofp/libg.a(libc_a-stdio.o)
                0x1001221c                __seofread
 .text.__swrite
                0x10012220       0x40 /usr/lib/gcc/arm-none-eabi/14.2.0/../../../../arm-none-eabi/lib/thumb/v6-m/nofp/libg.a(libc_a-stdio.o)
                0x10012220                __swrite
 .text.__sseek  0x10012260       0x2c /usr/lib/gcc/arm-none-eabi/14.2.0/../../../../arm-none-eabi/lib/thumb/v6-m/nofp/libg.a(libc_a-stdio.o)
                0x10012260                __sseek
 .text.__sclose
                0x1001228c        0xc /usr/lib/gcc/arm-none-eabi/14.2.0/../../../../arm-none-eabi/lib/thumb/v6-m/nofp/libg.a(libc_a-stdio.o)
                0x1001228c                __sclose
 .text.__submore
                0x10012298       0x84 /usr/lib/gcc/arm-none-eabi/14.2.0/../../../../arm-none-eabi/lib/thumb/v6-m/nofp/libg.a(libc_a-ungetc.o)
                0x10012298                __submore
 .text.__swsetup_r
                0x1001231c      0x100 /usr/lib/gcc/arm-none-eabi/14.2.0/../../../../arm-none-eabi/lib/thumb/v6-m/nofp/libg.a(libc_a-wsetup.o)
                0x1001231c                __swsetup_r
 .text.__gettzinfo
                0x1001241c        0x8 /usr/lib/gcc/arm-none-eabi/14.2.0/../../../../arm-none-eabi/lib/thumb/v6-m/nofp/libg.a(libc_a-gettzinfo.o)
                0x1001241c                __gettzinfo
 .text.gmtime_r
                0x10012424      0x1c0 /usr/lib/gcc/arm-none-eabi/14.2.0/../../../../arm-none-eabi/lib/thumb/v6-m/nofp/libg.a(libc_a-gmtime_r.o)
                0x10012424                gmtime_r
 .text.__locale_mb_cur_max
                0x100125e4       0x10 /usr/lib/gcc/arm-none-eabi/14.2.0/../../../../arm-none-eabi/lib/thumb/v6-m/nofp/libg.a(libc_a-locale.o)
                0x100125e4                __locale_mb_cur_max
 .text._close_r
                0x100125f4       0x24 /usr/lib/gcc/arm-none-eabi/14.2.0/../../../../arm-none-eabi/lib/thumb/v6-m/nofp/libg.a(libc_a-closer.o)
                0x100125f4                _close_r
 .text._lseek_r
                0x10012618       0x28 /usr/lib/gcc/arm-none-eabi/14.2.0/../../../../arm-none-eabi/lib/thumb/v6-m/nofp/libg.a(libc_a-lseekr.o)
                0x10012618                _lseek_r
 .text._read_r  0x10012640       0x28 /usr/lib/gcc/arm-none-eabi/14.2.0/../../../../arm-none-eabi/lib/thumb/v6-m/nofp/libg.a(libc_a-readr.o)
                0x10012640                _read_r
 .text._write_r
                0x10012668       0x28 /usr/lib/gcc/arm-none-eabi/14.2.0/../../../../arm-none-eabi/lib/thumb/v6-m/nofp/libg.a(libc_a-writer.o)
                0x10012668                _write_r
 .text.memchr   0x10012690       0x7c /usr/lib/gcc/arm-none-eabi/14.2.0/../../../../arm-none-eabi/lib/thumb/v6-m/nofp/libg.a(libc_a-memchr-stub.o)
                0x10012690                memchr
 .text.__env_lock
                0x1001270c       0x10 /usr/lib/gcc/arm-none-eabi/14.2.0/../../../../arm-none-eabi/lib/thumb/v6-m/nofp/libg.a(libc_a-envlock.o)
                0x1001270c                __env_lock
 .text.__env_unlock
                0x1001271c       0x10 /usr/lib/gcc/arm-none-eabi/14.2.0/../../../../arm-none-eabi/lib/thumb/v6-m/nofp/libg.a(libc_a-envlock.o)
                0x1001271c                __env_unlock
 .text.__ascii_mbtowc
                0x1001272c       0x2c /usr/lib/gcc/arm-none-eabi/14.2.0/../../../../arm-none-eabi/lib/thumb/v6-m/nofp/libg.a(libc_a-mbtowc_r.o)
                0x1001272c                __ascii_mbtowc
 .text._strtol_l.isra.0
                0x10012758      0x158 /usr/lib/gcc/arm-none-eabi/14.2.0/../../../../arm-none-eabi/lib/thumb/v6-m/nofp/libg.a(libc_a-strtol.o)
 .text._strtol_r
                0x100128b0        0x8 /usr/lib/gcc/arm-none-eabi/14.2.0/../../../../arm-none-eabi/lib/thumb/v6-m/nofp/libg.a(libc_a-strtol.o)
                0x100128b0                _strtol_r
 .text.__ascii_wctomb
                0x100128b8       0x1c /usr/lib/gcc/arm-none-eabi/14.2.0/../../../../arm-none-eabi/lib/thumb/v6-m/nofp/libg.a(libc_a-wctomb_r.o)
                0x100128b8                __ascii_wctomb
 .text._strtoll_l.isra.0
                0x100128d4      0x1a0 /usr/lib/gcc/arm-none-eabi/14.2.0/../../../../arm-none-eabi/lib/thumb/v6-m/nofp/libg.a(libc_a-strtoll.o)
 .text._strtoll_r
                0x10012a74        0x8 /usr/lib/gcc/arm-none-eabi/14.2.0/../../../../arm-none-eabi/lib/thumb/v6-m/nofp/libg.a(libc_a-strtoll.o)
                0x10012a74                _strtoll_r
 .text._strtoull_l.isra.0
                0x10012a7c      0x1c4 /usr/lib/gcc/arm-none-eabi/14.2.0/../../../../arm-none-eabi/lib/thumb/v6-m/nofp/libg.a(libc_a-strtoull.o)
 .text._strtoull_r
                0x10012c40        0x8 /usr/lib/gcc/arm-none-eabi/14.2.0/../../../../arm-none-eabi/lib/thumb/v6-m/nofp/libg.a(libc_a-strtoull.o)
                0x10012c40                _strtoull_r
 .text._mbrtowc_r
                0x10012c48       0x48 /usr/lib/gcc/arm-none-eabi/14.2.0/../../../../arm-none-eabi/lib/thumb/v6-m/nofp/libg.a(libc_a-mbrtowc.o)
                0x10012c48                _mbrtowc_r
 .text.iswspace
                0x10012c90        0xc /usr/lib/gcc/arm-none-eabi/14.2.0/../../../../arm-none-eabi/lib/thumb/v6-m/nofp/libg.a(libc_a-iswspace.o)
                0x10012c90                iswspace
 .text.iswspace_l
                0x10012c9c       0x18 /usr/lib/gcc/arm-none-eabi/14.2.0/../../../../arm-none-eabi/lib/thumb/v6-m/nofp/libg.a(libc_a-iswspace_l.o)
                0x10012c9c                iswspace_l
 .text._fclose_r
                0x10012cb4       0xcc /usr/lib/gcc/arm-none-eabi/14.2.0/../../../../arm-none-eabi/lib/thumb/v6-m/nofp/libg.a(libc_a-fclose.o)
                0x10012cb4                _fclose_r
 .text.__sflush_r
                0x10012d80      0x13c /usr/lib/gcc/arm-none-eabi/14.2.0/../../../../arm-none-eabi/lib/thumb/v6-m/nofp/libg.a(libc_a-fflush.o)
                0x10012d80                __sflush_r
 .text._fflush_r
                0x10012ebc       0x68 /usr/lib/gcc/arm-none-eabi/14.2.0/../../../../arm-none-eabi/lib/thumb/v6-m/nofp/libg.a(libc_a-fflush.o)
                0x10012ebc                _fflush_r
 .text.__smakebuf_r
                0x10012f24       0xd4 /usr/lib/gcc/arm-none-eabi/14.2.0/../../../../arm-none-eabi/lib/thumb/v6-m/nofp/libg.a(libc_a-makebuf.o)
                0x10012f24                __smakebuf_r
 .text._fstat_r
                0x10012ff8       0x28 /usr/lib/gcc/arm-none-eabi/14.2.0/../../../../arm-none-eabi/lib/thumb/v6-m/nofp/libg.a(libc_a-fstatr.o)
                0x10012ff8                _fstat_r
 .text._isatty_r
                0x10013020       0x24 /usr/lib/gcc/arm-none-eabi/14.2.0/../../../../arm-none-eabi/lib/thumb/v6-m/nofp/libg.a(libc_a-isattyr.o)
                0x10013020                _isatty_r
 *(.fini)
 .fini          0x10013044        0x4 /usr/lib/gcc/arm-none-eabi/14.2.0/thumb/v6-m/nofp/crti.o
                0x10013044                _fini
 .fini.__stub   0x10013048       0xa0 linker stubs
 *crtbegin.o(.ctors)
 *crtbegin?.o(.ctors)
 *(EXCLUDE_FILE(*crtend.o *crtend?.o) .ctors)
 *(SORT_BY_NAME(.ctors.*))
 *(.ctors)
 *crtbegin.o(.dtors)
 *crtbegin?.o(.dtors)
 *(EXCLUDE_FILE(*crtend.o *crtend?.o) .dtors)
 *(SORT_BY_NAME(.dtors.*))
 *(.dtors)
                0x100130e8                        . = ALIGN (0x4)
                0x100130e8                        PROVIDE (__preinit_array_start = .)
 *(SORT_BY_NAME(.preinit_array.*))
 .preinit_array.00100
                0x100130e8        0x4 CMakeFiles/pico.dir/home/christopher/Programs/DOWNLOADED/Libs/PicoSDKs/pico-sdk/src/rp2_common/pico_runtime_init/runtime_init.c.o
                0x100130e8                __pre_init_runtime_init_early_resets
 .preinit_array.00101
                0x100130ec        0x4 CMakeFiles/pico.dir/home/christopher/Programs/DOWNLOADED/Libs/PicoSDKs/pico-sdk/src/rp2_common/pico_runtime_init/runtime_init.c.o
                0x100130ec                __pre_init_runtime_init_usb_power_down
 .preinit_array.00275
                0x100130f0        0x4 CMakeFiles/pico.dir/home/christopher/Programs/DOWNLOADED/Libs/PicoSDKs/pico-sdk/src/rp2_common/pico_bit_ops/bit_ops_aeabi.S.o
 .preinit_array.00300
                0x100130f4        0x4 CMakeFiles/pico.dir/home/christopher/Programs/DOWNLOADED/Libs/PicoSDKs/pico-sdk/src/rp2_common/pico_mem_ops/mem_ops_aeabi.S.o
 .preinit_array.00350
                0x100130f8        0x4 CMakeFiles/pico.dir/home/christopher/Programs/DOWNLOADED/Libs/PicoSDKs/pico-sdk/src/rp2_common/pico_double/double_aeabi_rp2040.S.o
 .preinit_array.00350
                0x100130fc        0x4 CMakeFiles/pico.dir/home/christopher/Programs/DOWNLOADED/Libs/PicoSDKs/pico-sdk/src/rp2_common/pico_float/float_aeabi_rp2040.S.o
 .preinit_array.00500
                0x10013100        0x4 CMakeFiles/pico.dir/home/christopher/Programs/DOWNLOADED/Libs/PicoSDKs/pico-sdk/src/rp2_common/pico_runtime_init/runtime_init.c.o
                0x10013100                __pre_init_runtime_init_clocks
 .preinit_array.00600
                0x10013104        0x4 CMakeFiles/pico.dir/home/christopher/Programs/DOWNLOADED/Libs/PicoSDKs/pico-sdk/src/rp2_common/pico_runtime_init/runtime_init.c.o
                0x10013104                __pre_init_runtime_init_post_clock_resets
 .preinit_array.00700
                0x10013108        0x4 CMakeFiles/pico.dir/home/christopher/Programs/DOWNLOADED/Libs/PicoSDKs/pico-sdk/src/rp2_common/pico_runtime_init/runtime_init.c.o
                0x10013108                __pre_init_runtime_init_rp2040_gpio_ie_disable
 .preinit_array.01000
                0x1001310c        0x4 CMakeFiles/pico.dir/home/christopher/Programs/DOWNLOADED/Libs/PicoSDKs/pico-sdk/src/rp2_common/pico_runtime_init/runtime_init.c.o
                0x1001310c                __pre_init_runtime_init_spin_locks_reset
 .preinit_array.01100
                0x10013110        0x4 CMakeFiles/pico.dir/home/christopher/Programs/DOWNLOADED/Libs/PicoSDKs/pico-sdk/src/common/pico_sync/mutex.c.o
                0x10013110                __pre_init_runtime_init_mutex
 .preinit_array.10080
                0x10013114        0x4 CMakeFiles/pico.dir/home/christopher/Programs/DOWNLOADED/Libs/PicoSDKs/pico-sdk/src/rp2_common/pico_runtime_init/runtime_init.c.o
                0x10013114                __pre_init_runtime_init_install_ram_vector_table
 .preinit_array.11000
                0x10013118        0x4 CMakeFiles/pico.dir/home/christopher/Programs/DOWNLOADED/Libs/PicoSDKs/pico-sdk/src/common/pico_time/time.c.o
                0x10013118                __pre_init_runtime_init_default_alarm_pool
 .preinit_array.YYYYY
                0x1001311c        0x4 CMakeFiles/pico.dir/home/christopher/Programs/DOWNLOADED/Libs/PicoSDKs/pico-sdk/src/rp2_common/pico_runtime/runtime.c.o
                0x1001311c                __pre_init_first_per_core_initializer
 .preinit_array.ZZZZZ.01200
                0x10013120        0x4 CMakeFiles/pico.dir/home/christopher/Programs/DOWNLOADED/Libs/PicoSDKs/pico-sdk/src/rp2_common/hardware_irq/irq.c.o
                0x10013120                __pre_init_runtime_init_per_core_irq_priorities
 *(.preinit_array)
                0x10013124                        PROVIDE (__preinit_array_end = .)
                0x10013124                        . = ALIGN (0x4)
                0x10013124                        PROVIDE (__init_array_start = .)
 *(SORT_BY_NAME(.init_array.*))
 .init_array.00000
                0x10013124        0x4 /usr/lib/gcc/arm-none-eabi/14.2.0/../../../../arm-none-eabi/lib/thumb/v6-m/nofp/libg.a(libc_a-__call_atexit.o)
 *(.init_array)
 .init_array    0x10013128        0x4 /usr/lib/gcc/arm-none-eabi/14.2.0/thumb/v6-m/nofp/crtbegin.o
                0x1001312c                        PROVIDE (__init_array_end = .)
                0x1001312c                        . = ALIGN (0x4)
                0x1001312c                        PROVIDE (__fini_array_start = .)
 *(SORT_BY_NAME(.fini_array.*))
 *(.fini_array)
                0x1001312c                        PROVIDE (__fini_array_end = .)
 *(.eh_frame*)
 .eh_frame      0x1001312c        0x0 /usr/lib/gcc/arm-none-eabi/14.2.0/thumb/v6-m/nofp/crtbegin.o
                0x1001312c                        . = ALIGN (0x4)

.glue_7         0x1001312c        0x0
 .glue_7        0x1001312c        0x0 linker stubs

.glue_7t        0x1001312c        0x0
 .glue_7t       0x1001312c        0x0 linker stubs

.vfp11_veneer   0x1001312c        0x0
 .vfp11_veneer  0x1001312c        0x0 linker stubs

.v4_bx          0x1001312c        0x0
 .v4_bx         0x1001312c        0x0 linker stubs

.iplt           0x1001312c        0x0
 .iplt          0x1001312c        0x0 /usr/lib/gcc/arm-none-eabi/14.2.0/thumb/v6-m/nofp/crtbegin.o

.rodata         0x10013130     0xf62c
 *(EXCLUDE_FILE(*libm.a: *libc.a:*lib_a-mem*.o *libgcc.a:) .rodata*)
 .rodata.loadapp.str1.4
                0x10013130      0x232 CMakeFiles/pico.dir/Src/main.c.o
                                  0x4 (size before relaxing)
 .rodata.main.str1.4
                0x10013362        0x4 CMakeFiles/pico.dir/Src/main.c.o
 .rodata.panic.str1.4
                0x10013362       0x12 CMakeFiles/pico.dir/home/christopher/Programs/DOWNLOADED/Libs/PicoSDKs/pico-sdk/src/rp2_common/pico_platform_panic/panic.c.o
 *fill*         0x10013362        0x6 
 .rodata.at_the_end_of_time
                0x10013368        0x8 CMakeFiles/pico.dir/home/christopher/Programs/DOWNLOADED/Libs/PicoSDKs/pico-sdk/src/common/pico_time/time.c.o
                0x10013368                at_the_end_of_time
 .rodata.timer_hardware_alarm_claim.str1.4
                0x10013370       0x22 CMakeFiles/pico.dir/home/christopher/Programs/DOWNLOADED/Libs/PicoSDKs/pico-sdk/src/rp2_common/hardware_timer/timer.c.o
 .rodata.hard_assertion_failure.str1.4
                0x10013370        0xc CMakeFiles/pico.dir/home/christopher/Programs/DOWNLOADED/Libs/PicoSDKs/pico-sdk/src/rp2_common/pico_runtime/runtime.c.o
 .rodata.__wrap_malloc.str1.4
                0x10013370        0xe CMakeFiles/pico.dir/home/christopher/Programs/DOWNLOADED/Libs/PicoSDKs/pico-sdk/src/rp2_common/pico_malloc/malloc.c.o
 .rodata.str1.4
                0x10013370       0x34 CMakeFiles/pico.dir/home/christopher/Programs/DOWNLOADED/Libs/PicoSDKs/pico-sdk/src/rp2_common/pico_standard_binary_info/standard_binary_info.c.o
 .rodata.__bi_84
                0x10013370        0xc CMakeFiles/pico.dir/home/christopher/Programs/DOWNLOADED/Libs/PicoSDKs/pico-sdk/src/rp2_common/pico_standard_binary_info/standard_binary_info.c.o
 .rodata.__bi_78
                0x1001337c        0xc CMakeFiles/pico.dir/home/christopher/Programs/DOWNLOADED/Libs/PicoSDKs/pico-sdk/src/rp2_common/pico_standard_binary_info/standard_binary_info.c.o
 .rodata.__bi_54
                0x10013388        0xc CMakeFiles/pico.dir/home/christopher/Programs/DOWNLOADED/Libs/PicoSDKs/pico-sdk/src/rp2_common/pico_standard_binary_info/standard_binary_info.c.o
 .rodata.__bi_48
                0x10013394        0xc CMakeFiles/pico.dir/home/christopher/Programs/DOWNLOADED/Libs/PicoSDKs/pico-sdk/src/rp2_common/pico_standard_binary_info/standard_binary_info.c.o
 .rodata.__bi_42
                0x100133a0        0xc CMakeFiles/pico.dir/home/christopher/Programs/DOWNLOADED/Libs/PicoSDKs/pico-sdk/src/rp2_common/pico_standard_binary_info/standard_binary_info.c.o
 .rodata.__bi_34
                0x100133ac        0xc CMakeFiles/pico.dir/home/christopher/Programs/DOWNLOADED/Libs/PicoSDKs/pico-sdk/src/rp2_common/pico_standard_binary_info/standard_binary_info.c.o
 .rodata.__bi_26
                0x100133b8        0xc CMakeFiles/pico.dir/home/christopher/Programs/DOWNLOADED/Libs/PicoSDKs/pico-sdk/src/rp2_common/pico_standard_binary_info/standard_binary_info.c.o
 .rodata._ftoa.str1.4
                0x100133c4       0x15 CMakeFiles/pico.dir/home/christopher/Programs/DOWNLOADED/Libs/PicoSDKs/pico-sdk/src/rp2_common/pico_printf/printf.c.o
 .rodata._vsnprintf
                0x100133c4      0x19c CMakeFiles/pico.dir/home/christopher/Programs/DOWNLOADED/Libs/PicoSDKs/pico-sdk/src/rp2_common/pico_printf/printf.c.o
 .rodata.pow10.0
                0x10013560       0x50 CMakeFiles/pico.dir/home/christopher/Programs/DOWNLOADED/Libs/PicoSDKs/pico-sdk/src/rp2_common/pico_printf/printf.c.o
 .rodata.crlf_str.0
                0x100135b0        0x2 CMakeFiles/pico.dir/home/christopher/Programs/DOWNLOADED/Libs/PicoSDKs/pico-sdk/src/rp2_common/pico_stdio/stdio.c.o
 .rodata.format.str1.4
                0x100135b2        0x3 CMakeFiles/pico.dir/dep/pico-vfs/src/filesystem/fat.c.o
 .rodata.file_open.str1.4
                0x100135b2       0x1a CMakeFiles/pico.dir/dep/pico-vfs/src/filesystem/fat.c.o
 .rodata.dir_open.str1.4
                0x100135b2       0x19 CMakeFiles/pico.dir/dep/pico-vfs/src/filesystem/fat.c.o
 *fill*         0x100135b2        0x2 
 .rodata.disk_ioctl
                0x100135b4       0x14 CMakeFiles/pico.dir/dep/pico-vfs/src/filesystem/fat.c.o
 .rodata.filesystem_fat_create.str1.4
                0x100135c8       0x26 CMakeFiles/pico.dir/dep/pico-vfs/src/filesystem/fat.c.o
 .rodata.CSWTCH.15
                0x100135c8       0x50 CMakeFiles/pico.dir/dep/pico-vfs/src/filesystem/fat.c.o
 .rodata.FILESYSTEM_NAME
                0x10013618        0x4 CMakeFiles/pico.dir/dep/pico-vfs/src/filesystem/fat.c.o
 .rodata.check_fs.str1.4
                0x1001361c       0x15 CMakeFiles/pico.dir/dep/pico-vfs/vendor/ff15/source/ff.c.o
 .rodata.follow_path.str1.4
                0x1001361c       0x13 CMakeFiles/pico.dir/dep/pico-vfs/vendor/ff15/source/ff.c.o
 .rodata.f_mkfs.str1.4
                0x1001361c       0x45 CMakeFiles/pico.dir/dep/pico-vfs/vendor/ff15/source/ff.c.o
 .rodata.defopt.3
                0x1001361c       0x10 CMakeFiles/pico.dir/dep/pico-vfs/vendor/ff15/source/ff.c.o
 .rodata.LfnOfs
                0x1001362c        0xd CMakeFiles/pico.dir/dep/pico-vfs/vendor/ff15/source/ff.c.o
 *fill*         0x10013639        0x3 
 .rodata.GUID_MS_Basic
                0x1001363c       0x10 CMakeFiles/pico.dir/dep/pico-vfs/vendor/ff15/source/ff.c.o
 .rodata        0x1001364c       0x2c CMakeFiles/pico.dir/dep/pico-vfs/vendor/ff15/source/ff.c.o
 .rodata.ff_wtoupper
                0x10013678       0x24 CMakeFiles/pico.dir/dep/pico-vfs/vendor/ff15/source/ffunicode.c.o
 .rodata.cvt2.0
                0x1001369c       0xbc CMakeFiles/pico.dir/dep/pico-vfs/vendor/ff15/source/ffunicode.c.o
 .rodata.cvt1.1
                0x10013758      0x1f2 CMakeFiles/pico.dir/dep/pico-vfs/vendor/ff15/source/ffunicode.c.o
 *fill*         0x1001394a        0x2 
 .rodata.oem2uni932
                0x1001394c     0x7378 CMakeFiles/pico.dir/dep/pico-vfs/vendor/ff15/source/ffunicode.c.o
 .rodata.uni2oem932
                0x1001acc4     0x7378 CMakeFiles/pico.dir/dep/pico-vfs/vendor/ff15/source/ffunicode.c.o
 .rodata._close.str1.4
                0x1002203c       0x18 CMakeFiles/pico.dir/dep/pico-vfs/src/filesystem/vfs.c.o
 .rodata.blockdevice_sd_create.str1.4
                0x1002203c       0x26 CMakeFiles/pico.dir/dep/pico-vfs/src/blockdevice/sd.c.o
 .rodata.CRC16_TABLE
                0x1002203c      0x200 CMakeFiles/pico.dir/dep/pico-vfs/src/blockdevice/sd.c.o
 .rodata.CRC7_TABLE
                0x1002223c      0x100 CMakeFiles/pico.dir/dep/pico-vfs/src/blockdevice/sd.c.o
 .rodata.SPI_FILL_CHAR
                0x1002233c        0x1 CMakeFiles/pico.dir/dep/pico-vfs/src/blockdevice/sd.c.o
 *fill*         0x1002233d        0x3 
 .rodata.DEVICE_NAME
                0x10022340        0x3 CMakeFiles/pico.dir/dep/pico-vfs/src/blockdevice/sd.c.o
 *fill*         0x10022343        0x1 
 .rodata.__month_lengths
                0x10022344       0x60 /usr/lib/gcc/arm-none-eabi/14.2.0/../../../../arm-none-eabi/lib/thumb/v6-m/nofp/libg.a(libc_a-month_lengths.o)
                0x10022344                __month_lengths
 .rodata._tzset_unlocked_r.str1.4
                0x100223a4       0x6b /usr/lib/gcc/arm-none-eabi/14.2.0/../../../../arm-none-eabi/lib/thumb/v6-m/nofp/libg.a(libc_a-tzset_r.o)
 .rodata.str1.4
                0x100223a4        0x4 /usr/lib/gcc/arm-none-eabi/14.2.0/../../../../arm-none-eabi/lib/thumb/v6-m/nofp/libg.a(libc_a-tzvars.o)
 .rodata._ctype_
                0x100223a4      0x101 /usr/lib/gcc/arm-none-eabi/14.2.0/../../../../arm-none-eabi/lib/thumb/v6-m/nofp/libg.a(libc_a-ctype_.o)
                0x100223a4                _ctype_
 *fill*         0x100224a5        0x3 
 .rodata.__ssvfiscanf_r
                0x100224a8      0x290 /usr/lib/gcc/arm-none-eabi/14.2.0/../../../../arm-none-eabi/lib/thumb/v6-m/nofp/libg.a(libc_a-svfiscanf.o)
 .rodata.basefix.0
                0x10022738       0x22 /usr/lib/gcc/arm-none-eabi/14.2.0/../../../../arm-none-eabi/lib/thumb/v6-m/nofp/libg.a(libc_a-svfiscanf.o)
 .rodata._setlocale_r.str1.4
                0x1002275a        0xd /usr/lib/gcc/arm-none-eabi/14.2.0/../../../../arm-none-eabi/lib/thumb/v6-m/nofp/libg.a(libc_a-locale.o)
 .rodata.str1.4
                0x1002275a        0x2 /usr/lib/gcc/arm-none-eabi/14.2.0/../../../../arm-none-eabi/lib/thumb/v6-m/nofp/libg.a(libc_a-locale.o)
 .rodata._mbrtowc_r.str1.4
                0x1002275a        0x1 /usr/lib/gcc/arm-none-eabi/14.2.0/../../../../arm-none-eabi/lib/thumb/v6-m/nofp/libg.a(libc_a-mbrtowc.o)
                0x10022768                        . = ALIGN (0x4)
 *fill*         0x1002275a        0x2 
 *(SORT_BY_ALIGNMENT(SORT_BY_NAME(.flashdata*)))
                0x1002275c                        . = ALIGN (0x4)

.ARM.extab
 *(.ARM.extab* .gnu.linkonce.armextab.*)
                0x1002275c                        __exidx_start = .

.ARM.exidx
 *(.ARM.exidx* .gnu.linkonce.armexidx.*)
                0x1002275c                        __exidx_end = .
                0x1002275c                        . = ALIGN (0x4)
                0x1002275c                        __binary_info_start = .

.binary_info    0x1002275c       0x1c
 *(.binary_info.keep.*)
 .binary_info.keep.__bi_ptr84
                0x1002275c        0x4 CMakeFiles/pico.dir/home/christopher/Programs/DOWNLOADED/Libs/PicoSDKs/pico-sdk/src/rp2_common/pico_standard_binary_info/standard_binary_info.c.o
 .binary_info.keep.__bi_ptr78
                0x10022760        0x4 CMakeFiles/pico.dir/home/christopher/Programs/DOWNLOADED/Libs/PicoSDKs/pico-sdk/src/rp2_common/pico_standard_binary_info/standard_binary_info.c.o
 .binary_info.keep.__bi_ptr54
                0x10022764        0x4 CMakeFiles/pico.dir/home/christopher/Programs/DOWNLOADED/Libs/PicoSDKs/pico-sdk/src/rp2_common/pico_standard_binary_info/standard_binary_info.c.o
 .binary_info.keep.__bi_ptr48
                0x10022768        0x4 CMakeFiles/pico.dir/home/christopher/Programs/DOWNLOADED/Libs/PicoSDKs/pico-sdk/src/rp2_common/pico_standard_binary_info/standard_binary_info.c.o
 .binary_info.keep.__bi_ptr42
                0x1002276c        0x4 CMakeFiles/pico.dir/home/christopher/Programs/DOWNLOADED/Libs/PicoSDKs/pico-sdk/src/rp2_common/pico_standard_binary_info/standard_binary_info.c.o
 .binary_info.keep.__bi_ptr34
                0x10022770        0x4 CMakeFiles/pico.dir/home/christopher/Programs/DOWNLOADED/Libs/PicoSDKs/pico-sdk/src/rp2_common/pico_standard_binary_info/standard_binary_info.c.o
 .binary_info.keep.__bi_ptr26
                0x10022774        0x4 CMakeFiles/pico.dir/home/christopher/Programs/DOWNLOADED/Libs/PicoSDKs/pico-sdk/src/rp2_common/pico_standard_binary_info/standard_binary_info.c.o
 *(.binary_info.*)
                0x10022778                        __binary_info_end = .

.rel.dyn        0x10022778        0x0
 .rel.iplt      0x10022778        0x0 /usr/lib/gcc/arm-none-eabi/14.2.0/thumb/v6-m/nofp/crtbegin.o
                0x10022778                        . = ALIGN (0x4)

.ram_vector_table
                0x20000000       0xc0
 *(.ram_vector_table)
 .ram_vector_table
                0x20000000       0xc0 CMakeFiles/pico.dir/home/christopher/Programs/DOWNLOADED/Libs/PicoSDKs/pico-sdk/src/rp2_common/pico_runtime_init/runtime_init.c.o
                0x20000000                ram_vector_table

.uninitialized_data
                0x200000c0        0x0
                0x200000c0                        . = ALIGN (0x4)
 *(.uninitialized_data*)

.data           0x200000c0      0xb50 load address 0x10022778
                0x200000c0                        __data_start__ = .
 *(vtable)
 *(.time_critical*)
 .time_critical.mutex_enter_blocking
                0x200000c0       0x44 CMakeFiles/pico.dir/home/christopher/Programs/DOWNLOADED/Libs/PicoSDKs/pico-sdk/src/common/pico_sync/mutex.c.o
                0x200000c0                mutex_enter_blocking
 .time_critical.recursive_mutex_enter_blocking
                0x20000104       0x50 CMakeFiles/pico.dir/home/christopher/Programs/DOWNLOADED/Libs/PicoSDKs/pico-sdk/src/common/pico_sync/mutex.c.o
                0x20000104                recursive_mutex_enter_blocking
 .time_critical.mutex_try_enter_block_until
                0x20000154       0x98 CMakeFiles/pico.dir/home/christopher/Programs/DOWNLOADED/Libs/PicoSDKs/pico-sdk/src/common/pico_sync/mutex.c.o
                0x20000154                mutex_try_enter_block_until
 .time_critical.mutex_exit
                0x200001ec       0x28 CMakeFiles/pico.dir/home/christopher/Programs/DOWNLOADED/Libs/PicoSDKs/pico-sdk/src/common/pico_sync/mutex.c.o
                0x200001ec                mutex_exit
 .time_critical.recursive_mutex_exit
                0x20000214       0x44 CMakeFiles/pico.dir/home/christopher/Programs/DOWNLOADED/Libs/PicoSDKs/pico-sdk/src/common/pico_sync/mutex.c.o
                0x20000214                recursive_mutex_exit
 .time_critical.spi_write_read_blocking
                0x20000258       0xb0 CMakeFiles/pico.dir/home/christopher/Programs/DOWNLOADED/Libs/PicoSDKs/pico-sdk/src/rp2_common/hardware_spi/spi.c.o
                0x20000258                spi_write_read_blocking
 .time_critical.spi_write_blocking
                0x20000308       0x4c CMakeFiles/pico.dir/home/christopher/Programs/DOWNLOADED/Libs/PicoSDKs/pico-sdk/src/rp2_common/hardware_spi/spi.c.o
                0x20000308                spi_write_blocking
 .time_critical.spi_read_blocking
                0x20000354       0xa8 CMakeFiles/pico.dir/home/christopher/Programs/DOWNLOADED/Libs/PicoSDKs/pico-sdk/src/rp2_common/hardware_spi/spi.c.o
                0x20000354                spi_read_blocking
 *(.text*)
 .text          0x200003fc        0x4 /usr/lib/gcc/arm-none-eabi/14.2.0/thumb/v6-m/nofp/libgcc.a(_dvmd_tls.o)
                0x200003fc                __aeabi_ldiv0
                0x200003fc                __aeabi_idiv0
 .text.__stub   0x20000400       0x10 linker stubs
                0x20000410                        . = ALIGN (0x4)
 *(.rodata*)
                0x20000410                        . = ALIGN (0x4)
 *(.data*)
 .data.striped_spin_lock_num
                0x20000410        0x1 CMakeFiles/pico.dir/home/christopher/Programs/DOWNLOADED/Libs/PicoSDKs/pico-sdk/src/rp2_common/hardware_sync/sync.c.o
 *fill*         0x20000411        0x3 
 .data.default_alarm_pool
                0x20000414       0x18 CMakeFiles/pico.dir/home/christopher/Programs/DOWNLOADED/Libs/PicoSDKs/pico-sdk/src/common/pico_time/time.c.o
 *fill*         0x2000042c        0x4 
 .data.aeabi_bits_funcs
                0x20000430       0x10 CMakeFiles/pico.dir/home/christopher/Programs/DOWNLOADED/Libs/PicoSDKs/pico-sdk/src/rp2_common/pico_bit_ops/bit_ops_aeabi.S.o
                0x20000430                aeabi_bits_funcs
                0x20000440                aeabi_bits_funcs_end
 .data.aeabi_mem_funcs
                0x20000440       0x10 CMakeFiles/pico.dir/home/christopher/Programs/DOWNLOADED/Libs/PicoSDKs/pico-sdk/src/rp2_common/pico_mem_ops/mem_ops_aeabi.S.o
                0x20000440                aeabi_mem_funcs
                0x20000450                aeabi_mem_funcs_end
 .data.__malloc_sbrk_base
                0x20000450        0x4 /usr/lib/gcc/arm-none-eabi/14.2.0/../../../../arm-none-eabi/lib/thumb/v6-m/nofp/libg.a(libc_a-mallocr.o)
                0x20000450                __malloc_sbrk_base
 .data.__malloc_trim_threshold
                0x20000454        0x4 /usr/lib/gcc/arm-none-eabi/14.2.0/../../../../arm-none-eabi/lib/thumb/v6-m/nofp/libg.a(libc_a-mallocr.o)
                0x20000454                __malloc_trim_threshold
 .data.__malloc_av_
                0x20000458      0x408 /usr/lib/gcc/arm-none-eabi/14.2.0/../../../../arm-none-eabi/lib/thumb/v6-m/nofp/libg.a(libc_a-mallocr.o)
                0x20000458                __malloc_av_
 .data._tzname  0x20000860        0x8 /usr/lib/gcc/arm-none-eabi/14.2.0/../../../../arm-none-eabi/lib/thumb/v6-m/nofp/libg.a(libc_a-tzvars.o)
                0x20000860                _tzname
 .data._impure_ptr
                0x20000868        0x4 /usr/lib/gcc/arm-none-eabi/14.2.0/../../../../arm-none-eabi/lib/thumb/v6-m/nofp/libg.a(libc_a-impure.o)
                0x20000868                _impure_ptr
 *fill*         0x2000086c        0x4 
 .data._impure_data
                0x20000870      0x120 /usr/lib/gcc/arm-none-eabi/14.2.0/../../../../arm-none-eabi/lib/thumb/v6-m/nofp/libg.a(libc_a-impure.o)
                0x20000870                _impure_data
 .data.__atexit_recursive_mutex
                0x20000990        0x4 /usr/lib/gcc/arm-none-eabi/14.2.0/../../../../arm-none-eabi/lib/thumb/v6-m/nofp/libg.a(libc_a-__call_atexit.o)
                0x20000990                __atexit_recursive_mutex
 .data.__sglue  0x20000994        0xc /usr/lib/gcc/arm-none-eabi/14.2.0/../../../../arm-none-eabi/lib/thumb/v6-m/nofp/libg.a(libc_a-findfp.o)
                0x20000994                __sglue
 .data.tzinfo   0x200009a0       0x58 /usr/lib/gcc/arm-none-eabi/14.2.0/../../../../arm-none-eabi/lib/thumb/v6-m/nofp/libg.a(libc_a-gettzinfo.o)
 .data.__global_locale
                0x200009f8      0x16c /usr/lib/gcc/arm-none-eabi/14.2.0/../../../../arm-none-eabi/lib/thumb/v6-m/nofp/libg.a(libc_a-locale.o)
                0x200009f8                __global_locale
 .data.environ  0x20000b64        0x4 /usr/lib/gcc/arm-none-eabi/14.2.0/../../../../arm-none-eabi/lib/thumb/v6-m/nofp/libg.a(libc_a-environ.o)
                0x20000b64                environ
                0x20000b68                        . = ALIGN (0x4)
 *(.after_data.*)
                0x20000b68                        . = ALIGN (0x4)
                0x20000b68                        PROVIDE (__mutex_array_start = .)
 *(SORT_BY_NAME(.mutex_array.*))
 *(.mutex_array)
 .mutex_array   0x20000b68        0x8 CMakeFiles/pico.dir/home/christopher/Programs/DOWNLOADED/Libs/PicoSDKs/pico-sdk/src/rp2_common/pico_stdio/stdio.c.o
 .mutex_array   0x20000b70       0xa0 CMakeFiles/pico.dir/dep/pico-vfs/src/filesystem/vfs.c.o
                0x20000c10                        PROVIDE (__mutex_array_end = .)
                0x20000c10                        . = ALIGN (0x4)
 *(.jcr)
                0x20000c10                        . = ALIGN (0x4)

.igot.plt       0x20000c10        0x0 load address 0x100232c8
 .igot.plt      0x20000c10        0x0 /usr/lib/gcc/arm-none-eabi/14.2.0/thumb/v6-m/nofp/crtbegin.o

.tdata          0x20000c10        0x0 load address 0x100232c8
                0x20000c10                        . = ALIGN (0x4)
 *(.tdata .tdata.* .gnu.linkonce.td.*)
                0x20000c10                        __tdata_end = .
                0x20000c10                        PROVIDE (__data_end__ = .)
                0x10022778                        __etext = LOADADDR (.data)

.tbss           0x20000c10        0x0 load address 0x100232c8
                0x20000c10                        . = ALIGN (0x4)
                0x20000c10                        __bss_start__ = .
                0x20000c10                        __tls_base = .
 *(.tbss .tbss.* .gnu.linkonce.tb.*)
 *(.tcommon)
                0x20000c10                        __tls_end = .

.bss            0x20000c10      0x7dc load address 0x100232c8
                0x20000c10                        . = ALIGN (0x4)
                0x20000c10                        __tbss_end = .
 *(SORT_BY_ALIGNMENT(SORT_BY_NAME(.bss*)))
 .bss._ffs      0x20000c10       0x10 CMakeFiles/pico.dir/dep/pico-vfs/src/filesystem/fat.c.o
 .bss.default_alarm_pool_entries
                0x20000c20      0x180 CMakeFiles/pico.dir/home/christopher/Programs/DOWNLOADED/Libs/PicoSDKs/pico-sdk/src/common/pico_time/time.c.o
 .bss.epoch_time_us_since_boot
                0x20000da0        0x8 CMakeFiles/pico.dir/home/christopher/Programs/DOWNLOADED/Libs/PicoSDKs/pico-sdk/src/rp2_common/pico_clib_interface/newlib_interface.c.o
 .bss.mountpoints
                0x20000da8       0x78 CMakeFiles/pico.dir/dep/pico-vfs/src/filesystem/vfs.c.o
 .bss.sd_table  0x20000e20      0x100 CMakeFiles/pico.dir/home/christopher/Programs/DOWNLOADED/Libs/PicoSDKs/pico-sdk/src/rp2_common/pico_double/double_init_rom_rp2040.c.o
                0x20000e20                sd_table
 .bss.sf_table  0x20000f20      0x100 CMakeFiles/pico.dir/home/christopher/Programs/DOWNLOADED/Libs/PicoSDKs/pico-sdk/src/rp2_common/pico_float/float_init_rom_rp2040.c.o
                0x20000f20                sf_table
 .bss.FatFs     0x20001020       0x10 CMakeFiles/pico.dir/dep/pico-vfs/vendor/ff15/source/ff.c.o
 .bss.__atexit  0x20001030        0x4 /usr/lib/gcc/arm-none-eabi/14.2.0/../../../../arm-none-eabi/lib/thumb/v6-m/nofp/libg.a(libc_a-__call_atexit.o)
                0x20001030                __atexit
 .bss.__atexit0
                0x20001034      0x190 /usr/lib/gcc/arm-none-eabi/14.2.0/../../../../arm-none-eabi/lib/thumb/v6-m/nofp/libg.a(libc_a-__atexit.o)
                0x20001034                __atexit0
 .bss.__lock___atexit_recursive_mutex
                0x200011c4        0x1 /usr/lib/gcc/arm-none-eabi/14.2.0/../../../../arm-none-eabi/lib/thumb/v6-m/nofp/libg.a(libc_a-lock.o)
                0x200011c4                __lock___atexit_recursive_mutex
 *fill*         0x200011c5        0x3 
 .bss.__lock___env_recursive_mutex
                0x200011c8        0x1 /usr/lib/gcc/arm-none-eabi/14.2.0/../../../../arm-none-eabi/lib/thumb/v6-m/nofp/libg.a(libc_a-lock.o)
                0x200011c8                __lock___env_recursive_mutex
 *fill*         0x200011c9        0x3 
 .bss.__lock___malloc_recursive_mutex
                0x200011cc        0x1 /usr/lib/gcc/arm-none-eabi/14.2.0/../../../../arm-none-eabi/lib/thumb/v6-m/nofp/libg.a(libc_a-lock.o)
                0x200011cc                __lock___malloc_recursive_mutex
 *fill*         0x200011cd        0x3 
 .bss.__lock___sfp_recursive_mutex
                0x200011d0        0x1 /usr/lib/gcc/arm-none-eabi/14.2.0/../../../../arm-none-eabi/lib/thumb/v6-m/nofp/libg.a(libc_a-lock.o)
                0x200011d0                __lock___sfp_recursive_mutex
 *fill*         0x200011d1        0x3 
 .bss.__lock___tz_mutex
                0x200011d4        0x1 /usr/lib/gcc/arm-none-eabi/14.2.0/../../../../arm-none-eabi/lib/thumb/v6-m/nofp/libg.a(libc_a-lock.o)
                0x200011d4                __lock___tz_mutex
 *fill*         0x200011d5        0x3 
 .bss.__malloc_current_mallinfo
                0x200011d8       0x28 /usr/lib/gcc/arm-none-eabi/14.2.0/../../../../arm-none-eabi/lib/thumb/v6-m/nofp/libg.a(libc_a-mallocr.o)
                0x200011d8                __malloc_current_mallinfo
 .bss.__malloc_max_sbrked_mem
                0x20001200        0x4 /usr/lib/gcc/arm-none-eabi/14.2.0/../../../../arm-none-eabi/lib/thumb/v6-m/nofp/libg.a(libc_a-mallocr.o)
                0x20001200                __malloc_max_sbrked_mem
 .bss.__malloc_max_total_mem
                0x20001204        0x4 /usr/lib/gcc/arm-none-eabi/14.2.0/../../../../arm-none-eabi/lib/thumb/v6-m/nofp/libg.a(libc_a-mallocr.o)
                0x20001204                __malloc_max_total_mem
 .bss.__malloc_top_pad
                0x20001208        0x4 /usr/lib/gcc/arm-none-eabi/14.2.0/../../../../arm-none-eabi/lib/thumb/v6-m/nofp/libg.a(libc_a-mallocr.o)
                0x20001208                __malloc_top_pad
 .bss.__sf      0x2000120c      0x138 /usr/lib/gcc/arm-none-eabi/14.2.0/../../../../arm-none-eabi/lib/thumb/v6-m/nofp/libg.a(libc_a-findfp.o)
                0x2000120c                __sf
 .bss.__stdio_exit_handler
                0x20001344        0x4 /usr/lib/gcc/arm-none-eabi/14.2.0/../../../../arm-none-eabi/lib/thumb/v6-m/nofp/libg.a(libc_a-findfp.o)
                0x20001344                __stdio_exit_handler
 .bss.__tzname_dst
                0x20001348        0xc /usr/lib/gcc/arm-none-eabi/14.2.0/../../../../arm-none-eabi/lib/thumb/v6-m/nofp/libg.a(libc_a-tzset_r.o)
 .bss.__tzname_std
                0x20001354        0xc /usr/lib/gcc/arm-none-eabi/14.2.0/../../../../arm-none-eabi/lib/thumb/v6-m/nofp/libg.a(libc_a-tzset_r.o)
 .bss._daylight
                0x20001360        0x4 /usr/lib/gcc/arm-none-eabi/14.2.0/../../../../arm-none-eabi/lib/thumb/v6-m/nofp/libg.a(libc_a-tzvars.o)
                0x20001360                _daylight
 .bss._timezone
                0x20001364        0x4 /usr/lib/gcc/arm-none-eabi/14.2.0/../../../../arm-none-eabi/lib/thumb/v6-m/nofp/libg.a(libc_a-tzvars.o)
                0x20001364                _timezone
 .bss.claimed   0x20001368        0x1 CMakeFiles/pico.dir/home/christopher/Programs/DOWNLOADED/Libs/PicoSDKs/pico-sdk/src/rp2_common/hardware_timer/timer.c.o
 *fill*         0x20001369        0x3 
 .bss.configured_freq